Component: ARM Compiler 5.05 update 1 (build 106) Tool: armlink [4d0efa]

==============================================================================

Section Cross References

    main.o(i.GPIO_Configuration) refers to stm32f10x_gpio.o(i.GPIO_Init) for GPIO_Init
    main.o(i.RCC_Configuration) refers to system_stm32f10x.o(i.SystemInit) for SystemInit
    main.o(i.RCC_Configuration) refers to stm32f10x_rcc.o(i.RCC_APB2PeriphClockCmd) for RCC_APB2PeriphClockCmd
    main.o(i.fputc) refers to stm32f10x_usart.o(i.USART_GetFlagStatus) for USART_GetFlagStatus
    main.o(i.fputc) refers to stm32f10x_usart.o(i.USART_SendData) for USART_SendData
    main.o(i.main) refers to main.o(i.RCC_Configuration) for RCC_Configuration
    main.o(i.main) refers to main.o(i.GPIO_Configuration) for GPIO_Configuration
    main.o(i.main) refers to bsp_i2c.o(i.I2C_Bus_Init) for I2C_Bus_Init
    main.o(i.main) refers to main.o(i.uart_init) for uart_init
    main.o(i.main) refers to ath20.o(i.ATH20_Init) for ATH20_Init
    main.o(i.main) refers to bmp280.o(i.BMP280_Init) for BMP280_Init
    main.o(i.main) refers to printfa.o(i.__0printf) for __2printf
    main.o(i.main) refers to ath20.o(i.ATH20_Read_Cal_Enable) for ATH20_Read_Cal_Enable
    main.o(i.main) refers to ath20.o(i.ATH20_Read_CTdata) for ATH20_Read_CTdata
    main.o(i.main) refers to bmp280.o(i.BMP280GetData) for BMP280GetData
    main.o(i.main) refers to f2d.o(.text) for __aeabi_f2d
    main.o(i.main) refers to stm32f10x_gpio.o(i.GPIO_SetBits) for GPIO_SetBits
    main.o(i.main) refers to stm32f10x_gpio.o(i.GPIO_ResetBits) for GPIO_ResetBits
    main.o(i.uart_init) refers to stm32f10x_rcc.o(i.RCC_APB2PeriphClockCmd) for RCC_APB2PeriphClockCmd
    main.o(i.uart_init) refers to stm32f10x_usart.o(i.USART_DeInit) for USART_DeInit
    main.o(i.uart_init) refers to stm32f10x_gpio.o(i.GPIO_Init) for GPIO_Init
    main.o(i.uart_init) refers to stm32f10x_usart.o(i.USART_Init) for USART_Init
    main.o(i.uart_init) refers to stm32f10x_usart.o(i.USART_Cmd) for USART_Cmd
    bsp_i2c.o(i.Get_I2C_Retry) refers to bsp_i2c.o(.data) for .data
    bsp_i2c.o(i.I2C_Bus_Init) refers to stm32f10x_rcc.o(i.RCC_APB2PeriphClockCmd) for RCC_APB2PeriphClockCmd
    bsp_i2c.o(i.I2C_Bus_Init) refers to stm32f10x_gpio.o(i.GPIO_Init) for GPIO_Init
    bsp_i2c.o(i.I2C_Bus_Init) refers to stm32f10x_gpio.o(i.GPIO_SetBits) for GPIO_SetBits
    bsp_i2c.o(i.I2C_Bus_Init) refers to bsp_i2c.o(.data) for .data
    bsp_i2c.o(i.Sensors_I2C_ReadRegister) refers to bsp_i2c.o(i.Soft_DMP_I2C_Read) for Soft_DMP_I2C_Read
    bsp_i2c.o(i.Sensors_I2C_ReadRegister) refers to dfltui.o(.text) for __aeabi_ui2d
    bsp_i2c.o(i.Sensors_I2C_ReadRegister) refers to dmul.o(.text) for __aeabi_dmul
    bsp_i2c.o(i.Sensors_I2C_ReadRegister) refers to dfixi.o(.text) for __aeabi_d2iz
    bsp_i2c.o(i.Sensors_I2C_ReadRegister) refers to bsp_i2c.o(.data) for .data
    bsp_i2c.o(i.Sensors_I2C_WriteRegister) refers to bsp_i2c.o(i.Soft_I2C_START) for Soft_I2C_START
    bsp_i2c.o(i.Sensors_I2C_WriteRegister) refers to bsp_i2c.o(i.Soft_I2C_SendByte) for Soft_I2C_SendByte
    bsp_i2c.o(i.Sensors_I2C_WriteRegister) refers to bsp_i2c.o(i.Soft_I2C_STOP) for Soft_I2C_STOP
    bsp_i2c.o(i.Sensors_I2C_WriteRegister) refers to dfltui.o(.text) for __aeabi_ui2d
    bsp_i2c.o(i.Sensors_I2C_WriteRegister) refers to dmul.o(.text) for __aeabi_dmul
    bsp_i2c.o(i.Sensors_I2C_WriteRegister) refers to dfixi.o(.text) for __aeabi_d2iz
    bsp_i2c.o(i.Sensors_I2C_WriteRegister) refers to bsp_i2c.o(.data) for .data
    bsp_i2c.o(i.Set_I2C_Retry) refers to bsp_i2c.o(.data) for .data
    bsp_i2c.o(i.Soft_DMP_I2C_Read) refers to bsp_i2c.o(i.Soft_I2C_START) for Soft_I2C_START
    bsp_i2c.o(i.Soft_DMP_I2C_Read) refers to bsp_i2c.o(i.Soft_I2C_SendByte) for Soft_I2C_SendByte
    bsp_i2c.o(i.Soft_DMP_I2C_Read) refers to bsp_i2c.o(i.Soft_I2C_ReceiveByte_WithACK) for Soft_I2C_ReceiveByte_WithACK
    bsp_i2c.o(i.Soft_DMP_I2C_Read) refers to bsp_i2c.o(i.Soft_I2C_STOP) for Soft_I2C_STOP
    bsp_i2c.o(i.Soft_DMP_I2C_Read) refers to bsp_i2c.o(i.Soft_I2C_ReceiveByte) for Soft_I2C_ReceiveByte
    bsp_i2c.o(i.Soft_I2C_ReceiveByte) refers to stm32f10x_gpio.o(i.GPIO_SetBits) for GPIO_SetBits
    bsp_i2c.o(i.Soft_I2C_ReceiveByte) refers to stm32f10x_gpio.o(i.GPIO_ResetBits) for GPIO_ResetBits
    bsp_i2c.o(i.Soft_I2C_ReceiveByte) refers to stm32f10x_gpio.o(i.GPIO_ReadInputDataBit) for GPIO_ReadInputDataBit
    bsp_i2c.o(i.Soft_I2C_ReceiveByte_WithACK) refers to stm32f10x_gpio.o(i.GPIO_SetBits) for GPIO_SetBits
    bsp_i2c.o(i.Soft_I2C_ReceiveByte_WithACK) refers to stm32f10x_gpio.o(i.GPIO_ResetBits) for GPIO_ResetBits
    bsp_i2c.o(i.Soft_I2C_ReceiveByte_WithACK) refers to stm32f10x_gpio.o(i.GPIO_ReadInputDataBit) for GPIO_ReadInputDataBit
    bsp_i2c.o(i.Soft_I2C_START) refers to stm32f10x_gpio.o(i.GPIO_SetBits) for GPIO_SetBits
    bsp_i2c.o(i.Soft_I2C_START) refers to stm32f10x_gpio.o(i.GPIO_ReadInputDataBit) for GPIO_ReadInputDataBit
[...]
    bmp280.o(i.BMP280PressureToAltitude) refers to ddiv.o(.text) for __aeabi_ddiv
    bmp280.o(i.BMP280PressureToAltitude) refers to d2f.o(.text) for __aeabi_d2f
    bmp280.o(i.BMP280_Init) refers to bsp_i2c.o(i.Sensors_I2C_ReadRegister) for Sensors_I2C_ReadRegister
    bmp280.o(i.BMP280_Init) refers to bsp_i2c.o(i.Sensors_I2C_WriteRegister) for Sensors_I2C_WriteRegister
    bmp280.o(i.BMP280_Init) refers to bmp280.o(.bss) for .bss
    bmp280.o(i.presssureFilter) refers to fadd.o(.text) for __aeabi_fsub
    bmp280.o(i.presssureFilter) refers to cfcmple.o(.text) for __aeabi_cfcmple
    bmp280.o(i.presssureFilter) refers to f2d.o(.text) for __aeabi_f2d
    bmp280.o(i.presssureFilter) refers to dadd.o(.text) for __aeabi_dadd
    bmp280.o(i.presssureFilter) refers to ddiv.o(.text) for __aeabi_ddiv
    bmp280.o(i.presssureFilter) refers to d2f.o(.text) for __aeabi_d2f
    bmp280.o(i.presssureFilter) refers to bmp280.o(.bss) for .bss
    bmp280.o(i.presssureFilter) refers to bmp280.o(.data) for .data
    stm32f10x_gpio.o(i.GPIO_AFIODeInit) refers to stm32f10x_rcc.o(i.RCC_APB2PeriphResetCmd) for RCC_APB2PeriphResetCmd
    stm32f10x_gpio.o(i.GPIO_DeInit) refers to stm32f10x_rcc.o(i.RCC_APB2PeriphResetCmd) for RCC_APB2PeriphResetCmd
    stm32f10x_rcc.o(i.RCC_GetClocksFreq) refers to stm32f10x_rcc.o(.data) for .data
    stm32f10x_rcc.o(i.RCC_WaitForHSEStartUp) refers to stm32f10x_rcc.o(i.RCC_GetFlagStatus) for RCC_GetFlagStatus
    stm32f10x_usart.o(i.USART_DeInit) refers to stm32f10x_rcc.o(i.RCC_APB2PeriphResetCmd) for RCC_APB2PeriphResetCmd
    stm32f10x_usart.o(i.USART_DeInit) refers to stm32f10x_rcc.o(i.RCC_APB1PeriphResetCmd) for RCC_APB1PeriphResetCmd
    stm32f10x_usart.o(i.USART_Init) refers to stm32f10x_rcc.o(i.RCC_GetClocksFreq) for RCC_GetClocksFreq
    startup_stm32f10x_hd.o(RESET) refers to startup_stm32f10x_hd.o(STACK) for __initial_sp
    startup_stm32f10x_hd.o(RESET) refers to startup_stm32f10x_hd.o(.text) for Reset_Handler
    startup_stm32f10x_hd.o(.text) refers to system_stm32f10x.o(i.SystemInit) for SystemInit
    startup_stm32f10x_hd.o(.text) refers to entry.o(.ARM.Collect$$$$00000000) for __main
    system_stm32f10x.o(i.SystemCoreClockUpdate) refers to system_stm32f10x.o(.data) for .data
    system_stm32f10x.o(i.SystemInit) refers to system_stm32f10x.o(i.SetSysClockTo72) for SetSysClockTo72
    pow.o(i.__softfp_pow) refers (Special) to iusefp.o(.text) for __I$use$fp
    pow.o(i.__softfp_pow) refers to pow.o(i.pow) for pow
    pow.o(i.pow) refers (Special) to iusefp.o(.text) for __I$use$fp
    pow.o(i.pow) refers to dunder.o(i.__mathlib_dbl_infnan2) for __mathlib_dbl_infnan2
    pow.o(i.pow) refers to errno.o(i.__set_errno) for __set_errno
    pow.o(i.pow) refers to dunder.o(i.__mathlib_dbl_divzero) for __mathlib_dbl_divzero
    pow.o(i.pow) refers to dunder.o(i.__mathlib_dbl_overflow) for __mathlib_dbl_overflow
    pow.o(i.pow) refers to ddiv.o(.text) for __aeabi_ddiv
    pow.o(i.pow) refers to sqrt.o(i.sqrt) for sqrt
    pow.o(i.pow) refers to dmul.o(.text) for __aeabi_dmul
    pow.o(i.pow) refers to dunder.o(i.__mathlib_dbl_invalid) for __mathlib_dbl_invalid
    pow.o(i.pow) refers to dunder.o(i.__mathlib_dbl_underflow) for __mathlib_dbl_underflow
    pow.o(i.pow) refers to dadd.o(.text) for __aeabi_dsub
    pow.o(i.pow) refers to dscalb.o(.text) for __ARM_scalbn
    pow.o(i.pow) refers to qnan.o(.constdata) for __mathlib_zero
    pow.o(i.pow) refers to poly.o(i.__kernel_poly) for __kernel_poly
    pow.o(i.pow) refers to dflti.o(.text) for __aeabi_i2d
    pow.o(i.pow) refers to cdrcmple.o(.text) for __aeabi_cdrcmple
    pow.o(i.pow) refers to pow.o(.constdata) for .constdata
    pow.o(i.pow) refers to fpclassify.o(i.__ARM_fpclassify) for __ARM_fpclassify
    pow.o(.constdata) refers (Special) to iusefp.o(.text) for __I$use$fp
    pow_x.o(i.____softfp_pow$lsc) refers (Special) to iusefp.o(.text) for __I$use$fp
    pow_x.o(i.____softfp_pow$lsc) refers to pow_x.o(i.__pow$lsc) for __pow$lsc
    pow_x.o(i.__pow$lsc) refers (Special) to iusefp.o(.text) for __I$use$fp
    pow_x.o(i.__pow$lsc) refers to dunder.o(i.__mathlib_dbl_infnan2) for __mathlib_dbl_infnan2
    pow_x.o(i.__pow$lsc) refers to errno.o(i.__set_errno) for __set_errno
    pow_x.o(i.__pow$lsc) refers to ddiv.o(.text) for __aeabi_ddiv
    pow_x.o(i.__pow$lsc) refers to sqrt.o(i.sqrt) for sqrt
    pow_x.o(i.__pow$lsc) refers to dmul.o(.text) for __aeabi_dmul
    pow_x.o(i.__pow$lsc) refers to dflti.o(.text) for __aeabi_i2d
    pow_x.o(i.__pow$lsc) refers to dadd.o(.text) for __aeabi_dsub
    pow_x.o(i.__pow$lsc) refers to dscalb.o(.text) for __ARM_scalbn
    pow_x.o(i.__pow$lsc) refers to qnan.o(.constdata) for __mathlib_zero
    pow_x.o(i.__pow$lsc) refers to pow_x.o(.constdata) for .constdata
    pow_x.o(i.__pow$lsc) refers to poly.o(i.__kernel_poly) for __kernel_poly
    pow_x.o(i.__pow$lsc) refers to cdrcmple.o(.text) for __aeabi_cdrcmple
    pow_x.o(.constdata) refers (Special) to iusefp.o(.text) for __I$use$fp
    entry.o(.ARM.Collect$$$$00000000) refers (Special) to entry10a.o(.ARM.Collect$$$$0000000D) for __rt_final_cpp
    entry.o(.ARM.Collect$$$$00000000) refers (Special) to entry11a.o(.ARM.Collect$$$$0000000F) for __rt_final_exit
    entry.o(.ARM.Collect$$$$00000000) refers (Special) to entry7b.o(.ARM.Collect$$$$00000008) for _main_clock
    entry.o(.ARM.Collect$$$$00000000) refers (Special) to entry8b.o(.ARM.Collect$$$$0000000A) for _main_cpp_init
    entry.o(.ARM.Collect$$$$00000000) refers (Special) to entry9a.o(.ARM.Collect$$$$0000000B) for _main_init
    entry.o(.ARM.Collect$$$$00000000) refers (Special) to entry5.o(.ARM.Collect$$$$00000004) for _main_scatterload
    entry.o(.ARM.Collect$$$$00000000) refers (Special) to entry2.o(.ARM.Collect$$$$00000001) for _main_stk
    ldiv.o(.text) refers to uldiv.o(.text) for __aeabi_uldivmod
    printfb.o(i.__0fprintf$bare) refers to printfb.o(i._printf_core) for _printf_core
    printfb.o(i.__0fprintf$bare) refers to main.o(i.fputc) for fputc
    printfb.o(i.__0printf$bare) refers to printfb.o(i._printf_core) for _printf_core
    printfb.o(i.__0printf$bare) refers to main.o(i.fputc) for fputc
    printfb.o(i.__0printf$bare) refers to main.o(.data) for __stdout
    printfb.o(i.__0snprintf$bare) refers to printfb.o(i._printf_core) for _printf_core
    printfb.o(i.__0snprintf$bare) refers to printfb.o(i._snputc) for _snputc
    printfb.o(i.__0sprintf$bare) refers to printfb.o(i._printf_core) for _printf_core
    printfb.o(i.__0sprintf$bare) refers to printfb.o(i._sputc) for _sputc
    printfb.o(i.__0vfprintf$bare) refers to printfb.o(i._printf_core) for _printf_core
    printfb.o(i.__0vfprintf$bare) refers to main.o(i.fputc) for fputc
    printfb.o(i.__0vprintf$bare) refers to printfb.o(i._printf_core) for _printf_core
    printfb.o(i.__0vprintf$bare) refers to main.o(i.fputc) for fputc
    printfb.o(i.__0vprintf$bare) refers to main.o(.data) for __stdout
    printfb.o(i.__0vsnprintf$bare) refers to printfb.o(i._printf_core) for _printf_core
    printfb.o(i.__0vsnprintf$bare) refers to printfb.o(i._snputc) for _snputc
    printfb.o(i.__0vsprintf$bare) refers to printfb.o(i._printf_core) for _printf_core
    printfb.o(i.__0vsprintf$bare) refers to printfb.o(i._sputc) for _sputc
    printf0.o(i.__0fprintf$0) refers to printf0.o(i._printf_core) for _printf_core
    printf0.o(i.__0fprintf$0) refers to main.o(i.fputc) for fputc
    printf0.o(i.__0printf$0) refers to printf0.o(i._printf_core) for _printf_core
    printf0.o(i.__0printf$0) refers to main.o(i.fputc) for fputc
    printf0.o(i.__0printf$0) refers to main.o(.data) for __stdout
    printf0.o(i.__0snprintf$0) refers to printf0.o(i._printf_core) for _printf_core
    printf0.o(i.__0snprintf$0) refers to printf0.o(i._snputc) for _snputc
    printf0.o(i.__0sprintf$0) refers to printf0.o(i._printf_core) for _printf_core
    printf0.o(i.__0sprintf$0) refers to printf0.o(i._sputc) for _sputc
    printf0.o(i.__0vfprintf$0) refers to printf0.o(i._printf_core) for _printf_core
    printf0.o(i.__0vfprintf$0) refers to main.o(i.fputc) for fputc
    printf0.o(i.__0vprintf$0) refers to printf0.o(i._printf_core) for _printf_core
    printf0.o(i.__0vprintf$0) refers to main.o(i.fputc) for fputc
    printf0.o(i.__0vprintf$0) refers to main.o(.data) for __stdout
    printf0.o(i.__0vsnprintf$0) refers to printf0.o(i._printf_core) for _printf_core
    printf0.o(i.__0vsnprintf$0) refers to printf0.o(i._snputc) for _snputc
    printf0.o(i.__0vsprintf$0) refers to printf0.o(i._printf_core) for _printf_core
    printf0.o(i.__0vsprintf$0) refers to printf0.o(i._sputc) for _sputc
    printf1.o(i.__0fprintf$1) refers to printf1.o(i._printf_core) for _printf_core
    printf1.o(i.__0fprintf$1) refers to main.o(i.fputc) for fputc
    printf1.o(i.__0printf$1) refers to printf1.o(i._printf_core) for _printf_core
    printf1.o(i.__0printf$1) refers to main.o(i.fputc) for fputc
    printf1.o(i.__0printf$1) refers to main.o(.data) for __stdout
    printf1.o(i.__0snprintf$1) refers to printf1.o(i._printf_core) for _printf_core
    printf1.o(i.__0snprintf$1) refers to printf1.o(i._snputc) for _snputc
    printf1.o(i.__0sprintf$1) refers to printf1.o(i._printf_core) for _printf_core
    printf1.o(i.__0sprintf$1) refers to printf1.o(i._sputc) for _sputc
    printf1.o(i.__0vfprintf$1) refers to printf1.o(i._printf_core) for _printf_core
    printf1.o(i.__0vfprintf$1) refers to main.o(i.fputc) for fputc
    printf1.o(i.__0vprintf$1) refers to printf1.o(i._printf_core) for _printf_core
    printf1.o(i.__0vprintf$1) refers to main.o(i.fputc) for fputc
    printf1.o(i.__0vprintf$1) refers to main.o(.data) for __stdout
    printf1.o(i.__0vsnprintf$1) refers to printf1.o(i._printf_core) for _printf_core
    printf1.o(i.__0vsnprintf$1) refers to printf1.o(i._snputc) for _snputc
    printf1.o(i.__0vsprintf$1) refers to printf1.o(i._printf_core) for _printf_core
    printf1.o(i.__0vsprintf$1) refers to printf1.o(i._sputc) for _sputc
    printf1.o(i._printf_core) refers to uidiv.o(.text) for __aeabi_uidivmod
    printf2.o(i.__0fprintf$2) refers to printf2.o(i._printf_core) for _printf_core
    printf2.o(i.__0fprintf$2) refers to main.o(i.fputc) for fputc
    printf2.o(i.__0printf$2) refers to printf2.o(i._printf_core) for _printf_core
    printf2.o(i.__0printf$2) refers to main.o(i.fputc) for fputc
    printf2.o(i.__0printf$2) refers to main.o(.data) for __stdout
    printf2.o(i.__0snprintf$2) refers to printf2.o(i._printf_core) for _printf_core
    printf2.o(i.__0snprintf$2) refers to printf2.o(i._snputc) for _snputc
    printf2.o(i.__0sprintf$2) refers to printf2.o(i._printf_core) for _printf_core
    printf2.o(i.__0sprintf$2) refers to printf2.o(i._sputc) for _sputc
    printf2.o(i.__0vfprintf$2) refers to printf2.o(i._printf_core) for _printf_core
    printf2.o(i.__0vfprintf$2) refers to main.o(i.fputc) for fputc
    printf2.o(i.__0vprintf$2) refers to printf2.o(i._printf_core) for _printf_core
    printf2.o(i.__0vprintf$2) refers to main.o(i.fputc) for fputc
    printf2.o(i.__0vprintf$2) refers to main.o(.data) for __stdout
    printf2.o(i.__0vsnprintf$2) refers to printf2.o(i._printf_core) for _printf_core
    printf2.o(i.__0vsnprintf$2) refers to printf2.o(i._snputc) for _snputc
    printf2.o(i.__0vsprintf$2) refers to printf2.o(i._printf_core) for _printf_core
    printf2.o(i.__0vsprintf$2) refers to printf2.o(i._sputc) for _sputc
    printf3.o(i.__0fprintf$3) refers to printf3.o(i._printf_core) for _printf_core
    printf3.o(i.__0fprintf$3) refers to main.o(i.fputc) for fputc
    printf3.o(i.__0printf$3) refers to printf3.o(i._printf_core) for _printf_core
    printf3.o(i.__0printf$3) refers to main.o(i.fputc) for fputc
    printf3.o(i.__0printf$3) refers to main.o(.data) for __stdout
    printf3.o(i.__0snprintf$3) refers to printf3.o(i._printf_core) for _printf_core
    printf3.o(i.__0snprintf$3) refers to printf3.o(i._snputc) for _snputc
    printf3.o(i.__0sprintf$3) refers to printf3.o(i._printf_core) for _printf_core
    printf3.o(i.__0sprintf$3) refers to printf3.o(i._sputc) for _sputc
    printf3.o(i.__0vfprintf$3) refers to printf3.o(i._printf_core) for _printf_core
    printf3.o(i.__0vfprintf$3) refers to main.o(i.fputc) for fputc
    printf3.o(i.__0vprintf$3) refers to printf3.o(i._printf_core) for _printf_core
    printf3.o(i.__0vprintf$3) refers to main.o(i.fputc) for fputc
    printf3.o(i.__0vprintf$3) refers to main.o(.data) for __stdout
    printf3.o(i.__0vsnprintf$3) refers to printf3.o(i._printf_core) for _printf_core
    printf3.o(i.__0vsnprintf$3) refers to printf3.o(i._snputc) for _snputc
    printf3.o(i.__0vsprintf$3) refers to printf3.o(i._printf_core) for _printf_core
    printf3.o(i.__0vsprintf$3) refers to printf3.o(i._sputc) for _sputc
    printf3.o(i._printf_core) refers to uidiv.o(.text) for __aeabi_uidivmod
    printf4.o(i.__0fprintf$4) refers to printf4.o(i._printf_core) for _printf_core
    printf4.o(i.__0fprintf$4) refers to main.o(i.fputc) for fputc
    printf4.o(i.__0printf$4) refers to printf4.o(i._printf_core) for _printf_core
    printf4.o(i.__0printf$4) refers to main.o(i.fputc) for fputc
    printf4.o(i.__0printf$4) refers to main.o(.data) for __stdout
    printf4.o(i.__0snprintf$4) refers to printf4.o(i._printf_core) for _printf_core
    printf4.o(i.__0snprintf$4) refers to printf4.o(i._snputc) for _snputc
    printf4.o(i.__0sprintf$4) refers to printf4.o(i._printf_core) for _printf_core
    printf4.o(i.__0sprintf$4) refers to printf4.o(i._sputc) for _sputc
    printf4.o(i.__0vfprintf$4) refers to printf4.o(i._printf_core) for _printf_core
    printf4.o(i.__0vfprintf$4) refers to main.o(i.fputc) for fputc
    printf4.o(i.__0vprintf$4) refers to printf4.o(i._printf_core) for _printf_core
    printf4.o(i.__0vprintf$4) refers to main.o(i.fputc) for fputc
    printf4.o(i.__0vprintf$4) refers to main.o(.data) for __stdout
    printf4.o(i.__0vsnprintf$4) refers to printf4.o(i._printf_core) for _printf_core
    printf4.o(i.__0vsnprintf$4) refers to printf4.o(i._snputc) for _snputc
    printf4.o(i.__0vsprintf$4) refers to printf4.o(i._printf_core) for _printf_core
    printf4.o(i.__0vsprintf$4) refers to printf4.o(i._sputc) for _sputc
    printf4.o(i._printf_core) refers to uldiv.o(.text) for __aeabi_uldivmod
    printf5.o(i.__0fprintf$5) refers to printf5.o(i._printf_core) for _printf_core
    printf5.o(i.__0fprintf$5) refers to main.o(i.fputc) for fputc
    printf5.o(i.__0printf$5) refers to printf5.o(i._printf_core) for _printf_core
    printf5.o(i.__0printf$5) refers to main.o(i.fputc) for fputc
    printf5.o(i.__0printf$5) refers to main.o(.data) for __stdout
    printf5.o(i.__0snprintf$5) refers to printf5.o(i._printf_core) for _printf_core
    printf5.o(i.__0snprintf$5) refers to printf5.o(i._snputc) for _snputc
    printf5.o(i.__0sprintf$5) refers to printf5.o(i._printf_core) for _printf_core
    printf5.o(i.__0sprintf$5) refers to printf5.o(i._sputc) for _sputc
    printf5.o(i.__0vfprintf$5) refers to printf5.o(i._printf_core) for _printf_core
    printf5.o(i.__0vfprintf$5) refers to main.o(i.fputc) for fputc
    printf5.o(i.__0vprintf$5) refers to printf5.o(i._printf_core) for _printf_core
    printf5.o(i.__0vprintf$5) refers to main.o(i.fputc) for fputc
    printf5.o(i.__0vprintf$5) refers to main.o(.data) for __stdout
    printf5.o(i.__0vsnprintf$5) refers to printf5.o(i._printf_core) for _printf_core
    printf5.o(i.__0vsnprintf$5) refers to printf5.o(i._snputc) for _snputc
    printf5.o(i.__0vsprintf$5) refers to printf5.o(i._printf_core) for _printf_core
    printf5.o(i.__0vsprintf$5) refers to printf5.o(i._sputc) for _sputc
    printf5.o(i._printf_core) refers to uldiv.o(.text) for __aeabi_uldivmod
    printf6.o(i.__0fprintf$6) refers to printf6.o(i._printf_core) for _printf_core
    printf6.o(i.__0fprintf$6) refers to main.o(i.fputc) for fputc
    printf6.o(i.__0printf$6) refers to printf6.o(i._printf_core) for _printf_core
    printf6.o(i.__0printf$6) refers to main.o(i.fputc) for fputc
    printf6.o(i.__0printf$6) refers to main.o(.data) for __stdout
    printf6.o(i.__0snprintf$6) refers to printf6.o(i._printf_core) for _printf_core
    printf6.o(i.__0snprintf$6) refers to printf6.o(i._snputc) for _snputc
    printf6.o(i.__0sprintf$6) refers to printf6.o(i._printf_core) for _printf_core
    printf6.o(i.__0sprintf$6) refers to printf6.o(i._sputc) for _sputc
    printf6.o(i.__0vfprintf$6) refers to printf6.o(i._printf_core) for _printf_core
    printf6.o(i.__0vfprintf$6) refers to main.o(i.fputc) for fputc
    printf6.o(i.__0vprintf$6) refers to printf6.o(i._printf_core) for _printf_core
    printf6.o(i.__0vprintf$6) refers to main.o(i.fputc) for fputc
    printf6.o(i.__0vprintf$6) refers to main.o(.data) for __stdout
    printf6.o(i.__0vsnprintf$6) refers to printf6.o(i._printf_core) for _printf_core
    printf6.o(i.__0vsnprintf$6) refers to printf6.o(i._snputc) for _snputc
    printf6.o(i.__0vsprintf$6) refers to printf6.o(i._printf_core) for _printf_core
    printf6.o(i.__0vsprintf$6) refers to printf6.o(i._sputc) for _sputc
    printf6.o(i._printf_core) refers to printf6.o(i._printf_pre_padding) for _printf_pre_padding
    printf6.o(i._printf_core) refers to uidiv.o(.text) for __aeabi_uidivmod
    printf6.o(i._printf_core) refers to printf6.o(i._printf_post_padding) for _printf_post_padding
    printf7.o(i.__0fprintf$7) refers to printf7.o(i._printf_core) for _printf_core
    printf7.o(i.__0fprintf$7) refers to main.o(i.fputc) for fputc
    printf7.o(i.__0printf$7) refers to printf7.o(i._printf_core) for _printf_core
    printf7.o(i.__0printf$7) refers to main.o(i.fputc) for fputc
    printf7.o(i.__0printf$7) refers to main.o(.data) for __stdout
    printf7.o(i.__0snprintf$7) refers to printf7.o(i._printf_core) for _printf_core
    printf7.o(i.__0snprintf$7) refers to printf7.o(i._snputc) for _snputc
    printf7.o(i.__0sprintf$7) refers to printf7.o(i._printf_core) for _printf_core
    printf7.o(i.__0sprintf$7) refers to printf7.o(i._sputc) for _sputc
    printf7.o(i.__0vfprintf$7) refers to printf7.o(i._printf_core) for _printf_core
    printf7.o(i.__0vfprintf$7) refers to main.o(i.fputc) for fputc
    printf7.o(i.__0vprintf$7) refers to printf7.o(i._printf_core) for _printf_core
    printf7.o(i.__0vprintf$7) refers to main.o(i.fputc) for fputc
    printf7.o(i.__0vprintf$7) refers to main.o(.data) for __stdout
    printf7.o(i.__0vsnprintf$7) refers to printf7.o(i._printf_core) for _printf_core
    printf7.o(i.__0vsnprintf$7) refers to printf7.o(i._snputc) for _snputc
    printf7.o(i.__0vsprintf$7) refers to printf7.o(i._printf_core) for _printf_core
    printf7.o(i.__0vsprintf$7) refers to printf7.o(i._sputc) for _sputc
    printf7.o(i._printf_core) refers to printf7.o(i._printf_pre_padding) for _printf_pre_padding
    printf7.o(i._printf_core) refers to uldiv.o(.text) for __aeabi_uldivmod
    printf7.o(i._printf_core) refers to printf7.o(i._printf_post_padding) for _printf_post_padding
    printf8.o(i.__0fprintf$8) refers to printf8.o(i._printf_core) for _printf_core
    printf8.o(i.__0fprintf$8) refers to main.o(i.fputc) for fputc
    printf8.o(i.__0printf$8) refers to printf8.o(i._printf_core) for _printf_core
    printf8.o(i.__0printf$8) refers to main.o(i.fputc) for fputc
    printf8.o(i.__0printf$8) refers to main.o(.data) for __stdout
    printf8.o(i.__0snprintf$8) refers to printf8.o(i._printf_core) for _printf_core
    printf8.o(i.__0snprintf$8) refers to printf8.o(i._snputc) for _snputc
    printf8.o(i.__0sprintf$8) refers to printf8.o(i._printf_core) for _printf_core
    printf8.o(i.__0sprintf$8) refers to printf8.o(i._sputc) for _sputc
    printf8.o(i.__0vfprintf$8) refers to printf8.o(i._printf_core) for _printf_core
    printf8.o(i.__0vfprintf$8) refers to main.o(i.fputc) for fputc
    printf8.o(i.__0vprintf$8) refers to printf8.o(i._printf_core) for _printf_core
    printf8.o(i.__0vprintf$8) refers to main.o(i.fputc) for fputc
    printf8.o(i.__0vprintf$8) refers to main.o(.data) for __stdout
    printf8.o(i.__0vsnprintf$8) refers to printf8.o(i._printf_core) for _printf_core
    printf8.o(i.__0vsnprintf$8) refers to printf8.o(i._snputc) for _snputc
    printf8.o(i.__0vsprintf$8) refers to printf8.o(i._printf_core) for _printf_core
    printf8.o(i.__0vsprintf$8) refers to printf8.o(i._sputc) for _sputc
    printf8.o(i._printf_core) refers to printf8.o(i._printf_pre_padding) for _printf_pre_padding
    printf8.o(i._printf_core) refers to uldiv.o(.text) for __aeabi_uldivmod
    printf8.o(i._printf_core) refers to printf8.o(i._printf_post_padding) for _printf_post_padding
    printfa.o(i.__0fprintf) refers (Special) to iusefp.o(.text) for __I$use$fp
    printfa.o(i.__0fprintf) refers to printfa.o(i._printf_core) for _printf_core
    printfa.o(i.__0fprintf) refers to main.o(i.fputc) for fputc
    printfa.o(i.__0printf) refers (Special) to iusefp.o(.text) for __I$use$fp
    printfa.o(i.__0printf) refers to printfa.o(i._printf_core) for _printf_core
    printfa.o(i.__0printf) refers to main.o(i.fputc) for fputc
    printfa.o(i.__0printf) refers to main.o(.data) for __stdout
    printfa.o(i.__0snprintf) refers (Special) to iusefp.o(.text) for __I$use$fp
    printfa.o(i.__0snprintf) refers to printfa.o(i._printf_core) for _printf_core
    printfa.o(i.__0snprintf) refers to printfa.o(i._snputc) for _snputc
    printfa.o(i.__0sprintf) refers (Special) to iusefp.o(.text) for __I$use$fp
    printfa.o(i.__0sprintf) refers to printfa.o(i._printf_core) for _printf_core
    printfa.o(i.__0sprintf) refers to printfa.o(i._sputc) for _sputc
    printfa.o(i.__0vfprintf) refers (Special) to iusefp.o(.text) for __I$use$fp
    printfa.o(i.__0vfprintf) refers to printfa.o(i._printf_core) for _printf_core
    printfa.o(i.__0vfprintf) refers to main.o(i.fputc) for fputc
    printfa.o(i.__0vprintf) refers (Special) to iusefp.o(.text) for __I$use$fp
    printfa.o(i.__0vprintf) refers to printfa.o(i._printf_core) for _printf_core
    printfa.o(i.__0vprintf) refers to main.o(i.fputc) for fputc
    printfa.o(i.__0vprintf) refers to main.o(.data) for __stdout
    printfa.o(i.__0vsnprintf) refers (Special) to iusefp.o(.text) for __I$use$fp
    printfa.o(i.__0vsnprintf) refers to printfa.o(i._printf_core) for _printf_core
    printfa.o(i.__0vsnprintf) refers to printfa.o(i._snputc) for _snputc
    printfa.o(i.__0vsprintf) refers (Special) to iusefp.o(.text) for __I$use$fp
    printfa.o(i.__0vsprintf) refers to printfa.o(i._printf_core) for _printf_core
    printfa.o(i.__0vsprintf) refers to printfa.o(i._sputc) for _sputc
    printfa.o(i._fp_digits) refers (Special) to iusefp.o(.text) for __I$use$fp
    printfa.o(i._fp_digits) refers to dmul.o(.text) for __aeabi_dmul
    printfa.o(i._fp_digits) refers to ddiv.o(.text) for __aeabi_ddiv
    printfa.o(i._fp_digits) refers to cdrcmple.o(.text) for __aeabi_cdrcmple
    printfa.o(i._fp_digits) refers to dadd.o(.text) for __aeabi_dadd
    printfa.o(i._fp_digits) refers to dfixul.o(.text) for __aeabi_d2ulz
    printfa.o(i._fp_digits) refers to uldiv.o(.text) for __aeabi_uldivmod
    printfa.o(i._printf_core) refers (Special) to iusefp.o(.text) for __I$use$fp
    printfa.o(i._printf_core) refers to printfa.o(i._printf_pre_padding) for _printf_pre_padding
    printfa.o(i._printf_core) refers to uldiv.o(.text) for __aeabi_uldivmod
    printfa.o(i._printf_core) refers to printfa.o(i._printf_post_padding) for _printf_post_padding
    printfa.o(i._printf_core) refers to printfa.o(i._fp_digits) for _fp_digits
    printfa.o(i._printf_core) refers to uidiv.o(.text) for __aeabi_uidivmod
    printfa.o(i._printf_post_padding) refers (Special) to iusefp.o(.text) for __I$use$fp
    printfa.o(i._printf_pre_padding) refers (Special) to iusefp.o(.text) for __I$use$fp
    printfa.o(i._snputc) refers (Special) to iusefp.o(.text) for __I$use$fp
    printfa.o(i._sputc) refers (Special) to iusefp.o(.text) for __I$use$fp
    fadd.o(.text) refers (Special) to iusefp.o(.text) for __I$use$fp
    fadd.o(.text) refers to fepilogue.o(.text) for _float_epilogue
    fdiv.o(.text) refers (Special) to iusefp.o(.text) for __I$use$fp
    fdiv.o(.text) refers to fepilogue.o(.text) for _float_round
    dadd.o(.text) refers (Special) to iusefp.o(.text) for __I$use$fp
    dadd.o(.text) refers to llshl.o(.text) for __aeabi_llsl
    dadd.o(.text) refers to llsshr.o(.text) for __aeabi_lasr
    dadd.o(.text) refers to depilogue.o(.text) for _double_epilogue
    dmul.o(.text) refers (Special) to iusefp.o(.text) for __I$use$fp
    dmul.o(.text) refers to depilogue.o(.text) for _double_epilogue
    ddiv.o(.text) refers (Special) to iusefp.o(.text) for __I$use$fp
    ddiv.o(.text) refers to depilogue.o(.text) for _double_round
    dflti.o(.text) refers (Special) to iusefp.o(.text) for __I$use$fp
    dflti.o(.text) refers to depilogue.o(.text) for _double_epilogue
    dfltui.o(.text) refers (Special) to iusefp.o(.text) for __I$use$fp
    dfltui.o(.text) refers to depilogue.o(.text) for _double_epilogue
    dfixi.o(.text) refers (Special) to iusefp.o(.text) for __I$use$fp
    dfixi.o(.text) refers to llushr.o(.text) for __aeabi_llsr
    f2d.o(.text) refers (Special) to iusefp.o(.text) for __I$use$fp
    d2f.o(.text) refers (Special) to iusefp.o(.text) for __I$use$fp
    d2f.o(.text) refers to fepilogue.o(.text) for _float_round
    cfcmple.o(.text) refers (Special) to iusefp.o(.text) for __I$use$fp
    dunder.o(i.__mathlib_dbl_divzero) refers to ddiv.o(.text) for __aeabi_ddiv
    dunder.o(i.__mathlib_dbl_infnan) refers to dscalb.o(.text) for __ARM_scalbn
    dunder.o(i.__mathlib_dbl_infnan2) refers to dadd.o(.text) for __aeabi_dadd
    dunder.o(i.__mathlib_dbl_invalid) refers to ddiv.o(.text) for __aeabi_ddiv
    dunder.o(i.__mathlib_dbl_overflow) refers to dscalb.o(.text) for __ARM_scalbn
    dunder.o(i.__mathlib_dbl_posinfnan) refers to dmul.o(.text) for __aeabi_dmul
    dunder.o(i.__mathlib_dbl_underflow) refers to dscalb.o(.text) for __ARM_scalbn
    fpclassify.o(i.__ARM_fpclassify) refers (Special) to iusefp.o(.text) for __I$use$fp
    poly.o(i.__kernel_poly) refers (Special) to iusefp.o(.text) for __I$use$fp
    poly.o(i.__kernel_poly) refers to dmul.o(.text) for __aeabi_dmul
    poly.o(i.__kernel_poly) refers to dadd.o(.text) for __aeabi_dadd
    qnan.o(.constdata) refers (Special) to iusefp.o(.text) for __I$use$fp
    sqrt.o(i.__softfp_sqrt) refers (Special) to iusefp.o(.text) for __I$use$fp
    sqrt.o(i.__softfp_sqrt) refers to dsqrt.o(.text) for _dsqrt
    sqrt.o(i.__softfp_sqrt) refers to errno.o(i.__set_errno) for __set_errno
    sqrt.o(i.sqrt) refers (Special) to iusefp.o(.text) for __I$use$fp
    sqrt.o(i.sqrt) refers to dsqrt.o(.text) for _dsqrt
    sqrt.o(i.sqrt) refers to errno.o(i.__set_errno) for __set_errno
    sqrt_x.o(i.____softfp_sqrt$lsc) refers (Special) to iusefp.o(.text) for __I$use$fp
    sqrt_x.o(i.____softfp_sqrt$lsc) refers to cdcmple.o(.text) for __aeabi_cdcmple
    sqrt_x.o(i.____softfp_sqrt$lsc) refers to errno.o(i.__set_errno) for __set_errno
    sqrt_x.o(i.____softfp_sqrt$lsc) refers to dsqrt.o(.text) for _dsqrt
    sqrt_x.o(i.__sqrt$lsc) refers (Special) to iusefp.o(.text) for __I$use$fp
    sqrt_x.o(i.__sqrt$lsc) refers to cdcmple.o(.text) for __aeabi_cdcmple
    sqrt_x.o(i.__sqrt$lsc) refers to errno.o(i.__set_errno) for __set_errno
    sqrt_x.o(i.__sqrt$lsc) refers to dsqrt.o(.text) for _dsqrt
    entry2.o(.ARM.Collect$$$$00000001) refers to entry2.o(.ARM.Collect$$$$00002712) for __lit__00000000
    entry2.o(.ARM.Collect$$$$00002712) refers to startup_stm32f10x_hd.o(STACK) for __initial_sp
    entry2.o(__vectab_stack_and_reset_area) refers to startup_stm32f10x_hd.o(STACK) for __initial_sp
    entry2.o(__vectab_stack_and_reset_area) refers to entry.o(.ARM.Collect$$$$00000000) for __main
    entry5.o(.ARM.Collect$$$$00000004) refers to init.o(.text) for __scatterload
    entry9a.o(.ARM.Collect$$$$0000000B) refers to main.o(i.main) for main
    entry9b.o(.ARM.Collect$$$$0000000C) refers to main.o(i.main) for main
    uldiv.o(.text) refers to llushr.o(.text) for __aeabi_llsr
    uldiv.o(.text) refers to llshl.o(.text) for __aeabi_llsl
    errno.o(i.__aeabi_errno_addr) refers to errno.o(.data) for .data
    errno.o(i.__read_errno) refers to errno.o(.data) for .data
    errno.o(i.__set_errno) refers to errno.o(.data) for .data
    depilogue.o(.text) refers to llshl.o(.text) for __aeabi_llsl
    depilogue.o(.text) refers to llushr.o(.text) for __aeabi_llsr
    dfixul.o(.text) refers to llushr.o(.text) for __aeabi_llsr
    dfixul.o(.text) refers to llshl.o(.text) for __aeabi_llsl
    init.o(.text) refers to entry5.o(.ARM.Collect$$$$00000004) for __main_after_scatterload
    dsqrt.o(.text) refers to llushr.o(.text) for __aeabi_llsr
    dsqrt.o(.text) refers to depilogue.o(.text) for _double_round


==============================================================================

Removing Unused input sections from the image.

    Removing main.o(i._sys_exit), (2 bytes).
    Removing main.o(.data), (4 bytes).
    Removing misc.o(i.NVIC_Init), (100 bytes).
    Removing misc.o(i.NVIC_PriorityGroupConfig), (20 bytes).
    Removing misc.o(i.NVIC_SetVectorTable), (20 bytes).
    Removing misc.o(i.NVIC_SystemLPConfig), (24 bytes).
    Removing misc.o(i.SysTick_CLKSourceConfig), (24 bytes).
    Removing bsp_i2c.o(i.Get_I2C_Retry), (12 bytes).
    Removing bsp_i2c.o(i.Set_I2C_Retry), (12 bytes).
    Removing stm32f10x_gpio.o(i.GPIO_AFIODeInit), (22 bytes).
    Removing stm32f10x_gpio.o(i.GPIO_DeInit), (180 bytes).
    Removing stm32f10x_gpio.o(i.GPIO_ETH_MediaInterfaceConfig), (12 bytes).
    Removing stm32f10x_gpio.o(i.GPIO_EXTILineConfig), (40 bytes).
    Removing stm32f10x_gpio.o(i.GPIO_EventOutputCmd), (12 bytes).
    Removing stm32f10x_gpio.o(i.GPIO_EventOutputConfig), (28 bytes).
    Removing stm32f10x_gpio.o(i.GPIO_PinLockConfig), (16 bytes).
    Removing stm32f10x_gpio.o(i.GPIO_PinRemapConfig), (88 bytes).
    Removing stm32f10x_gpio.o(i.GPIO_ReadInputData), (6 bytes).
    Removing stm32f10x_gpio.o(i.GPIO_ReadOutputData), (6 bytes).
    Removing stm32f10x_gpio.o(i.GPIO_ReadOutputDataBit), (14 bytes).
    Removing stm32f10x_gpio.o(i.GPIO_StructInit), (16 bytes).
    Removing stm32f10x_gpio.o(i.GPIO_Write), (4 bytes).
    Removing stm32f10x_gpio.o(i.GPIO_WriteBit), (10 bytes).
    Removing stm32f10x_rcc.o(i.RCC_ADCCLKConfig), (20 bytes).
    Removing stm32f10x_rcc.o(i.RCC_AHBPeriphClockCmd), (24 bytes).
    Removing stm32f10x_rcc.o(i.RCC_APB1PeriphClockCmd), (24 bytes).
    Removing stm32f10x_rcc.o(i.RCC_AdjustHSICalibrationValue), (20 bytes).
    Removing stm32f10x_rcc.o(i.RCC_BackupResetCmd), (12 bytes).
    Removing stm32f10x_rcc.o(i.RCC_ClearFlag), (16 bytes).
    Removing stm32f10x_rcc.o(i.RCC_ClearITPendingBit), (12 bytes).
    Removing stm32f10x_rcc.o(i.RCC_ClockSecuritySystemCmd), (12 bytes).
    Removing stm32f10x_rcc.o(i.RCC_DeInit), (64 bytes).
    Removing stm32f10x_rcc.o(i.RCC_GetFlagStatus), (48 bytes).
    Removing stm32f10x_rcc.o(i.RCC_GetITStatus), (20 bytes).
    Removing stm32f10x_rcc.o(i.RCC_GetSYSCLKSource), (16 bytes).
    Removing stm32f10x_rcc.o(i.RCC_HCLKConfig), (20 bytes).
    Removing stm32f10x_rcc.o(i.RCC_HSEConfig), (52 bytes).
    Removing stm32f10x_rcc.o(i.RCC_HSICmd), (12 bytes).
    Removing stm32f10x_rcc.o(i.RCC_ITConfig), (24 bytes).
    Removing stm32f10x_rcc.o(i.RCC_LSEConfig), (32 bytes).
    Removing stm32f10x_rcc.o(i.RCC_LSICmd), (12 bytes).
    Removing stm32f10x_rcc.o(i.RCC_MCOConfig), (12 bytes).
    Removing stm32f10x_rcc.o(i.RCC_PCLK1Config), (20 bytes).
    Removing stm32f10x_rcc.o(i.RCC_PCLK2Config), (20 bytes).
    Removing stm32f10x_rcc.o(i.RCC_PLLCmd), (12 bytes).
    Removing stm32f10x_rcc.o(i.RCC_PLLConfig), (20 bytes).
    Removing stm32f10x_rcc.o(i.RCC_RTCCLKCmd), (12 bytes).
    Removing stm32f10x_rcc.o(i.RCC_RTCCLKConfig), (16 bytes).
    Removing stm32f10x_rcc.o(i.RCC_SYSCLKConfig), (20 bytes).
    Removing stm32f10x_rcc.o(i.RCC_USBCLKConfig), (12 bytes).
    Removing stm32f10x_rcc.o(i.RCC_WaitForHSEStartUp), (44 bytes).
    Removing stm32f10x_usart.o(i.USART_ClearFlag), (6 bytes).
    Removing stm32f10x_usart.o(i.USART_ClearITPendingBit), (12 bytes).
    Removing stm32f10x_usart.o(i.USART_ClockInit), (30 bytes).
    Removing stm32f10x_usart.o(i.USART_ClockStructInit), (12 bytes).
    Removing stm32f10x_usart.o(i.USART_DMACmd), (16 bytes).
    Removing stm32f10x_usart.o(i.USART_GetITStatus), (62 bytes).
    Removing stm32f10x_usart.o(i.USART_HalfDuplexCmd), (20 bytes).
    Removing stm32f10x_usart.o(i.USART_ITConfig), (48 bytes).
    Removing stm32f10x_usart.o(i.USART_IrDACmd), (20 bytes).
    Removing stm32f10x_usart.o(i.USART_IrDAConfig), (16 bytes).
    Removing stm32f10x_usart.o(i.USART_LINBreakDetectLengthConfig), (16 bytes).
    Removing stm32f10x_usart.o(i.USART_LINCmd), (20 bytes).
    Removing stm32f10x_usart.o(i.USART_OneBitMethodCmd), (20 bytes).
    Removing stm32f10x_usart.o(i.USART_OverSampling8Cmd), (20 bytes).
    Removing stm32f10x_usart.o(i.USART_ReceiveData), (8 bytes).
    Removing stm32f10x_usart.o(i.USART_ReceiverWakeUpCmd), (20 bytes).
    Removing stm32f10x_usart.o(i.USART_SendBreak), (10 bytes).
    Removing stm32f10x_usart.o(i.USART_SetAddress), (16 bytes).
    Removing stm32f10x_usart.o(i.USART_SetGuardTime), (16 bytes).
    Removing stm32f10x_usart.o(i.USART_SetPrescaler), (16 bytes).
    Removing stm32f10x_usart.o(i.USART_SmartCardCmd), (20 bytes).
    Removing stm32f10x_usart.o(i.USART_SmartCardNACKCmd), (20 bytes).
    Removing stm32f10x_usart.o(i.USART_StructInit), (22 bytes).
    Removing stm32f10x_usart.o(i.USART_WakeUpConfig), (16 bytes).
    Removing startup_stm32f10x_hd.o(HEAP), (512 bytes).
    Removing core_cm3.o(.emb_text), (32 bytes).
    Removing system_stm32f10x.o(i.SystemCoreClockUpdate), (104 bytes).
    Removing system_stm32f10x.o(.data), (20 bytes).
    Removing cdcmple.o(.text), (48 bytes).

80 unused section(s) (total 2498 bytes) removed from the image.

==============================================================================

Image Symbol Table

    Local Symbols

    Symbol Name                              Value     Ov Type        Size  Object(Section)

    ../clib/microlib/division.c              0x00000000   Number         0  uldiv.o ABSOLUTE
    ../clib/microlib/division.c              0x00000000   Number         0  uidiv.o ABSOLUTE
    ../clib/microlib/division.c              0x00000000   Number         0  ldiv.o ABSOLUTE
    ../clib/microlib/errno.c                 0x00000000   Number         0  errno.o ABSOLUTE
    ../clib/microlib/init/entry.s            0x00000000   Number         0  entry7a.o ABSOLUTE
    ../clib/microlib/init/entry.s            0x00000000   Number         0  entry5.o ABSOLUTE
    ../clib/microlib/init/entry.s            0x00000000   Number         0  entry10a.o ABSOLUTE
    ../clib/microlib/init/entry.s            0x00000000   Number         0  entry9b.o ABSOLUTE
    ../clib/microlib/init/entry.s            0x00000000   Number         0  entry.o ABSOLUTE
    ../clib/microlib/init/entry.s            0x00000000   Number         0  entry11b.o ABSOLUTE
    ../clib/microlib/init/entry.s            0x00000000   Number         0  entry9a.o ABSOLUTE
    ../clib/microlib/init/entry.s            0x00000000   Number         0  entry2.o ABSOLUTE
    ../clib/microlib/init/entry.s            0x00000000   Number         0  entry10b.o ABSOLUTE
    ../clib/microlib/init/entry.s            0x00000000   Number         0  entry8b.o ABSOLUTE
    ../clib/microlib/init/entry.s            0x00000000   Number         0  entry8a.o ABSOLUTE
    ../clib/microlib/init/entry.s            0x00000000   Number         0  entry7b.o ABSOLUTE
    ../clib/microlib/init/entry.s            0x00000000   Number         0  entry11a.o ABSOLUTE
    ../clib/microlib/longlong.c              0x00000000   Number         0  llushr.o ABSOLUTE
    ../clib/microlib/longlong.c              0x00000000   Number         0  llshl.o ABSOLUTE
    ../clib/microlib/longlong.c              0x00000000   Number         0  llsshr.o ABSOLUTE
    ../clib/microlib/printf/printf.c         0x00000000   Number         0  printf7.o ABSOLUTE
    ../clib/microlib/printf/printf.c         0x00000000   Number         0  printf6.o ABSOLUTE
    ../clib/microlib/printf/printf.c         0x00000000   Number         0  printf5.o ABSOLUTE
    ../clib/microlib/printf/printf.c         0x00000000   Number         0  printf3.o ABSOLUTE
    ../clib/microlib/printf/printf.c         0x00000000   Number         0  printf4.o ABSOLUTE
    ../clib/microlib/printf/printf.c         0x00000000   Number         0  printf2.o ABSOLUTE
    ../clib/microlib/printf/printf.c         0x00000000   Number         0  printfb.o ABSOLUTE
    ../clib/microlib/printf/printf.c         0x00000000   Number         0  printf1.o ABSOLUTE
    ../clib/microlib/printf/printf.c         0x00000000   Number         0  printf0.o ABSOLUTE
    ../clib/microlib/printf/printf.c         0x00000000   Number         0  printf8.o ABSOLUTE
    ../clib/microlib/printf/printf.c         0x00000000   Number         0  printfa.o ABSOLUTE
    ../clib/microlib/printf/stubs.s          0x00000000   Number         0  stubs.o ABSOLUTE
    ../clib/microlib/stubs.s                 0x00000000   Number         0  useno.o ABSOLUTE
    ../clib/microlib/stubs.s                 0x00000000   Number         0  iusefp.o ABSOLUTE
    ../fplib/microlib/d2f.c                  0x00000000   Number         0  d2f.o ABSOLUTE
    ../fplib/microlib/f2d.c                  0x00000000   Number         0  f2d.o ABSOLUTE
    ../fplib/microlib/fpadd.c                0x00000000   Number         0  fadd.o ABSOLUTE
    ../fplib/microlib/fpadd.c                0x00000000   Number         0  dadd.o ABSOLUTE
    ../fplib/microlib/fpdiv.c                0x00000000   Number         0  fdiv.o ABSOLUTE
    ../fplib/microlib/fpdiv.c                0x00000000   Number         0  ddiv.o ABSOLUTE
    ../fplib/microlib/fpepilogue.c           0x00000000   Number         0  fepilogue.o ABSOLUTE
    ../fplib/microlib/fpepilogue.c           0x00000000   Number         0  depilogue.o ABSOLUTE
    ../fplib/microlib/fpfix.c                0x00000000   Number         0  dfixi.o ABSOLUTE
    ../fplib/microlib/fpfix.c                0x00000000   Number         0  dfixul.o ABSOLUTE
    ../fplib/microlib/fpflt.c                0x00000000   Number         0  dfltui.o ABSOLUTE
    ../fplib/microlib/fpflt.c                0x00000000   Number         0  dflti.o ABSOLUTE
    ../fplib/microlib/fpmul.c                0x00000000   Number         0  dmul.o ABSOLUTE
    ../fplib/microlib/fpscalb.c              0x00000000   Number         0  dscalb.o ABSOLUTE
    ../fplib/microlib/fpsqrt.c               0x00000000   Number         0  dsqrt.o ABSOLUTE
    ../mathlib/dunder.c                      0x00000000   Number         0  dunder.o ABSOLUTE
    ../mathlib/fpclassify.c                  0x00000000   Number         0  fpclassify.o ABSOLUTE
    ../mathlib/poly.c                        0x00000000   Number         0  poly.o ABSOLUTE
    ../mathlib/pow.c                         0x00000000   Number         0  pow_x.o ABSOLUTE
    ../mathlib/pow.c                         0x00000000   Number         0  pow.o ABSOLUTE
    ../mathlib/qnan.c                        0x00000000   Number         0  qnan.o ABSOLUTE
    ../mathlib/sqrt.c                        0x00000000   Number         0  sqrt_x.o ABSOLUTE
    ../mathlib/sqrt.c                        0x00000000   Number         0  sqrt.o ABSOLUTE
    CM3\\core_cm3.c                          0x00000000   Number         0  core_cm3.o ABSOLUTE
    CM3\core_cm3.c                           0x00000000   Number         0  core_cm3.o ABSOLUTE
    CM3\system_stm32f10x.c                   0x00000000   Number         0  system_stm32f10x.o ABSOLUTE
    FWlib\SRC\misc.c                         0x00000000   Number         0  misc.o ABSOLUTE
    FWlib\SRC\stm32f10x_gpio.c               0x00000000   Number         0  stm32f10x_gpio.o ABSOLUTE
    FWlib\SRC\stm32f10x_rcc.c                0x00000000   Number         0  stm32f10x_rcc.o ABSOLUTE
    FWlib\SRC\stm32f10x_usart.c              0x00000000   Number         0  stm32f10x_usart.o ABSOLUTE
    cdcmple.s                                0x00000000   Number         0  cdcmple.o ABSOLUTE
    cdrcmple.s                               0x00000000   Number         0  cdrcmple.o ABSOLUTE
    cfcmple.s                                0x00000000   Number         0  cfcmple.o ABSOLUTE
    dc.s                                     0x00000000   Number         0  dc.o ABSOLUTE
    handlers.s                               0x00000000   Number         0  handlers.o ABSOLUTE
    init.s                                   0x00000000   Number         0  init.o ABSOLUTE
    startup\startup_stm32f10x_hd.s           0x00000000   Number         0  startup_stm32f10x_hd.o ABSOLUTE
    user\ATH20.c                             0x00000000   Number         0  ath20.o ABSOLUTE
    user\BMP280.c                            0x00000000   Number         0  bmp280.o ABSOLUTE
    user\bsp_i2c.c                           0x00000000   Number         0  bsp_i2c.o ABSOLUTE
    user\main.c                              0x00000000   Number         0  main.o ABSOLUTE
    RESET                                    0x08000000   Section      304  startup_stm32f10x_hd.o(RESET)
    .ARM.Collect$$$$00000000                 0x08000130   Section        0  entry.o(.ARM.Collect$$$$00000000)
    .ARM.Collect$$$$00000001                 0x08000130   Section        4  entry2.o(.ARM.Collect$$$$00000001)
    .ARM.Collect$$$$00000004                 0x08000134   Section        4  entry5.o(.ARM.Collect$$$$00000004)
    .ARM.Collect$$$$00000008                 0x08000138   Section        0  entry7b.o(.ARM.Collect$$$$00000008)
    .ARM.Collect$$$$0000000A                 0x08000138   Section        0  entry8b.o(.ARM.Collect$$$$0000000A)
    .ARM.Collect$$$$0000000B                 0x08000138   Section        8  entry9a.o(.ARM.Collect$$$$0000000B)
    .ARM.Collect$$$$0000000D                 0x08000140   Section        0  entry10a.o(.ARM.Collect$$$$0000000D)
    .ARM.Collect$$$$0000000F                 0x08000140   Section        0  entry11a.o(.ARM.Collect$$$$0000000F)
    .ARM.Collect$$$$00002712                 0x08000140   Section        4  entry2.o(.ARM.Collect$$$$00002712)
    __lit__00000000                          0x08000140   Data           4  entry2.o(.ARM.Collect$$$$00002712)
    .text                                    0x08000144   Section       36  startup_stm32f10x_hd.o(.text)
    .text                                    0x08000168   Section        0  ldiv.o(.text)
    .text                                    0x080001ca   Section        0  fadd.o(.text)
    .text                                    0x0800027a   Section        0  fdiv.o(.text)
    .text                                    0x080002f6   Section        0  dadd.o(.text)
    .text                                    0x08000444   Section        0  dmul.o(.text)
    .text                                    0x08000528   Section        0  ddiv.o(.text)
    .text                                    0x08000606   Section        0  dflti.o(.text)
    .text                                    0x08000628   Section        0  dfltui.o(.text)
    .text                                    0x08000642   Section        0  dfixi.o(.text)
    .text                                    0x08000680   Section        0  f2d.o(.text)
    .text                                    0x080006a6   Section        0  d2f.o(.text)
    .text                                    0x080006e0   Section       20  cfcmple.o(.text)
    .text                                    0x080006f4   Section        0  uidiv.o(.text)
    .text                                    0x08000720   Section        0  uldiv.o(.text)
    .text                                    0x08000782   Section        0  llshl.o(.text)
    .text                                    0x080007a0   Section        0  llushr.o(.text)
    .text                                    0x080007c0   Section        0  llsshr.o(.text)
    .text                                    0x080007e4   Section        0  fepilogue.o(.text)
    .text                                    0x080007e4   Section        0  iusefp.o(.text)
    .text                                    0x08000852   Section        0  depilogue.o(.text)
    .text                                    0x0800090c   Section        0  dscalb.o(.text)
    .text                                    0x0800093a   Section        0  dfixul.o(.text)
    .text                                    0x0800096c   Section       48  cdrcmple.o(.text)
    .text                                    0x0800099c   Section       36  init.o(.text)
    .text                                    0x080009c0   Section        0  dsqrt.o(.text)
    i.ATH20_Init                             0x08000a64   Section        0  ath20.o(i.ATH20_Init)
    i.ATH20_Read_CTdata                      0x08000aec   Section        0  ath20.o(i.ATH20_Read_CTdata)
    i.ATH20_Read_Cal_Enable                  0x08000b7c   Section        0  ath20.o(i.ATH20_Read_Cal_Enable)
    i.ATH20_Read_Status                      0x08000b92   Section        0  ath20.o(i.ATH20_Read_Status)
    i.BMP280CompensateP                      0x08000ba8   Section        0  bmp280.o(i.BMP280CompensateP)
    BMP280CompensateP                        0x08000ba9   Thumb Code   346  bmp280.o(i.BMP280CompensateP)
    i.BMP280GetData                          0x08000d0c   Section        0  bmp280.o(i.BMP280GetData)
    i.BMP280PressureToAltitude               0x08000ddc   Section        0  bmp280.o(i.BMP280PressureToAltitude)
    BMP280PressureToAltitude                 0x08000ddd   Thumb Code    68  bmp280.o(i.BMP280PressureToAltitude)
    i.BMP280_Init                            0x08000e38   Section        0  bmp280.o(i.BMP280_Init)
    i.GPIO_Configuration                     0x08000e84   Section        0  main.o(i.GPIO_Configuration)
    i.GPIO_Init                              0x08000ea8   Section        0  stm32f10x_gpio.o(i.GPIO_Init)
    i.GPIO_ReadInputDataBit                  0x08000f44   Section        0  stm32f10x_gpio.o(i.GPIO_ReadInputDataBit)
    i.GPIO_ResetBits                         0x08000f52   Section        0  stm32f10x_gpio.o(i.GPIO_ResetBits)
    i.GPIO_SetBits                           0x08000f56   Section        0  stm32f10x_gpio.o(i.GPIO_SetBits)
    i.I2C_Bus_Init                           0x08000f5c   Section        0  bsp_i2c.o(i.I2C_Bus_Init)
    i.RCC_APB1PeriphResetCmd                 0x08000fac   Section        0  stm32f10x_rcc.o(i.RCC_APB1PeriphResetCmd)
    i.RCC_APB2PeriphClockCmd                 0x08000fc4   Section        0  stm32f10x_rcc.o(i.RCC_APB2PeriphClockCmd)
    i.RCC_APB2PeriphResetCmd                 0x08000fdc   Section        0  stm32f10x_rcc.o(i.RCC_APB2PeriphResetCmd)
    i.RCC_Configuration                      0x08000ff4   Section        0  main.o(i.RCC_Configuration)
    i.RCC_GetClocksFreq                      0x08001010   Section        0  stm32f10x_rcc.o(i.RCC_GetClocksFreq)
    i.Sensors_I2C_ReadRegister               0x080010a4   Section        0  bsp_i2c.o(i.Sensors_I2C_ReadRegister)
    i.Sensors_I2C_WriteRegister              0x08001104   Section        0  bsp_i2c.o(i.Sensors_I2C_WriteRegister)
    i.SetSysClockTo72                        0x08001190   Section        0  system_stm32f10x.o(i.SetSysClockTo72)
    SetSysClockTo72                          0x08001191   Thumb Code   160  system_stm32f10x.o(i.SetSysClockTo72)
    i.Soft_DMP_I2C_Read                      0x08001238   Section        0  bsp_i2c.o(i.Soft_DMP_I2C_Read)
    Soft_DMP_I2C_Read                        0x08001239   Thumb Code    96  bsp_i2c.o(i.Soft_DMP_I2C_Read)
    i.Soft_I2C_ReceiveByte                   0x08001298   Section        0  bsp_i2c.o(i.Soft_I2C_ReceiveByte)
    Soft_I2C_ReceiveByte                     0x08001299   Thumb Code   124  bsp_i2c.o(i.Soft_I2C_ReceiveByte)
    i.Soft_I2C_ReceiveByte_WithACK           0x08001318   Section        0  bsp_i2c.o(i.Soft_I2C_ReceiveByte_WithACK)
    Soft_I2C_ReceiveByte_WithACK             0x08001319   Thumb Code   124  bsp_i2c.o(i.Soft_I2C_ReceiveByte_WithACK)
    i.Soft_I2C_START                         0x08001398   Section        0  bsp_i2c.o(i.Soft_I2C_START)
    Soft_I2C_START                           0x08001399   Thumb Code    90  bsp_i2c.o(i.Soft_I2C_START)
    i.Soft_I2C_STOP                          0x080013f8   Section        0  bsp_i2c.o(i.Soft_I2C_STOP)
    Soft_I2C_STOP                            0x080013f9   Thumb Code    48  bsp_i2c.o(i.Soft_I2C_STOP)
    i.Soft_I2C_SendByte                      0x0800142c   Section        0  bsp_i2c.o(i.Soft_I2C_SendByte)
    Soft_I2C_SendByte                        0x0800142d   Thumb Code    90  bsp_i2c.o(i.Soft_I2C_SendByte)
    i.Soft_I2C_Wait_Ack                      0x0800148c   Section        0  bsp_i2c.o(i.Soft_I2C_Wait_Ack)
    i.SystemInit                             0x080014dc   Section        0  system_stm32f10x.o(i.SystemInit)
    i.USART_Cmd                              0x0800152c   Section        0  stm32f10x_usart.o(i.USART_Cmd)
    i.USART_DeInit                           0x08001540   Section        0  stm32f10x_usart.o(i.USART_DeInit)
    i.USART_GetFlagStatus                    0x080015b4   Section        0  stm32f10x_usart.o(i.USART_GetFlagStatus)
    i.USART_Init                             0x080015c4   Section        0  stm32f10x_usart.o(i.USART_Init)
    i.USART_SendData                         0x08001670   Section        0  stm32f10x_usart.o(i.USART_SendData)
    i.__0printf                              0x08001678   Section        0  printfa.o(i.__0printf)
    i.__ARM_fpclassify                       0x08001698   Section        0  fpclassify.o(i.__ARM_fpclassify)
    i.__kernel_poly                          0x080016c0   Section        0  poly.o(i.__kernel_poly)
    i.__mathlib_dbl_divzero                  0x0800176c   Section        0  dunder.o(i.__mathlib_dbl_divzero)
    i.__mathlib_dbl_infnan2                  0x0800177c   Section        0  dunder.o(i.__mathlib_dbl_infnan2)
    i.__mathlib_dbl_invalid                  0x08001780   Section        0  dunder.o(i.__mathlib_dbl_invalid)
    i.__mathlib_dbl_overflow                 0x0800178c   Section        0  dunder.o(i.__mathlib_dbl_overflow)
    i.__mathlib_dbl_underflow                0x0800179c   Section        0  dunder.o(i.__mathlib_dbl_underflow)
    i.__scatterload_copy                     0x080017ac   Section       14  handlers.o(i.__scatterload_copy)
    i.__scatterload_null                     0x080017ba   Section        2  handlers.o(i.__scatterload_null)
    i.__scatterload_zeroinit                 0x080017bc   Section       14  handlers.o(i.__scatterload_zeroinit)
    i.__set_errno                            0x080017cc   Section        0  errno.o(i.__set_errno)
    i._fp_digits                             0x080017d8   Section        0  printfa.o(i._fp_digits)
    _fp_digits                               0x080017d9   Thumb Code   334  printfa.o(i._fp_digits)
    i._printf_core                           0x0800193c   Section        0  printfa.o(i._printf_core)
    _printf_core                             0x0800193d   Thumb Code  1744  printfa.o(i._printf_core)
    i._printf_post_padding                   0x08002018   Section        0  printfa.o(i._printf_post_padding)
    _printf_post_padding                     0x08002019   Thumb Code    36  printfa.o(i._printf_post_padding)
    i._printf_pre_padding                    0x0800203c   Section        0  printfa.o(i._printf_pre_padding)
    _printf_pre_padding                      0x0800203d   Thumb Code    46  printfa.o(i._printf_pre_padding)
    i.fputc                                  0x0800206c   Section        0  main.o(i.fputc)
    i.main                                   0x08002090   Section        0  main.o(i.main)
    i.pow                                    0x0800229c   Section        0  pow.o(i.pow)
    i.presssureFilter                        0x08002c54   Section        0  bmp280.o(i.presssureFilter)
    presssureFilter                          0x08002c55   Thumb Code   174  bmp280.o(i.presssureFilter)
    i.sqrt                                   0x08002d14   Section        0  sqrt.o(i.sqrt)
    i.uart_init                              0x08002d60   Section        0  main.o(i.uart_init)
    .constdata                               0x08002de0   Section      136  pow.o(.constdata)
    bp                                       0x08002de0   Data          16  pow.o(.constdata)
    dp_h                                     0x08002df0   Data          16  pow.o(.constdata)
    dp_l                                     0x08002e00   Data          16  pow.o(.constdata)
    L                                        0x08002e10   Data          48  pow.o(.constdata)
    P                                        0x08002e40   Data          40  pow.o(.constdata)
    .constdata                               0x08002e68   Section        8  qnan.o(.constdata)
    .data                                    0x20000000   Section        4  main.o(.data)
    .data                                    0x20000004   Section        2  bsp_i2c.o(.data)
    RETRY_IN_MLSEC                           0x20000004   Data           2  bsp_i2c.o(.data)
    .data                                    0x20000006   Section        1  ath20.o(.data)
    .data                                    0x20000008   Section       20  bmp280.o(.data)
    i                                        0x20000008   Data           1  bmp280.o(.data)
    bmp280RawPressure                        0x2000000c   Data           4  bmp280.o(.data)
    bmp280RawTemperature                     0x20000010   Data           4  bmp280.o(.data)
    t                                        0x20000014   Data           4  bmp280.o(.data)
    p                                        0x20000018   Data           4  bmp280.o(.data)
    .data                                    0x2000001c   Section       20  stm32f10x_rcc.o(.data)
    ADCPrescTable                            0x2000001c   Data           4  stm32f10x_rcc.o(.data)
    APBAHBPrescTable                         0x20000020   Data          16  stm32f10x_rcc.o(.data)
    .data                                    0x20000030   Section        4  errno.o(.data)
    _errno                                   0x20000030   Data           4  errno.o(.data)
    .bss                                     0x20000034   Section       48  bmp280.o(.bss)
    filter_buf                               0x20000034   Data          20  bmp280.o(.bss)
    STACK                                    0x20000068   Section     1024  startup_stm32f10x_hd.o(STACK)

    Global Symbols

    Symbol Name                              Value     Ov Type        Size  Object(Section)

    BuildAttributes$$THM_ISAv4$P$D$K$B$S$PE$A:L22UL41UL21$X:L11$S22US41US21$IEEE1$IW$USESV6$~STKCKD$USESV7$~SHL$OTIME$ROPI$IEEEX$EBA8$MICROLIB$REQ8$PRES8$EABIv2 0x00000000   Number         0  anon$$obj.o ABSOLUTE
    __ARM_use_no_argv                        0x00000000   Number         0  main.o ABSOLUTE
    __use_no_errno                           0x00000000   Number         0  useno.o ABSOLUTE
    __use_no_exception_handling              0x00000000   Number         0  useno.o ABSOLUTE
    __use_no_fp                              0x00000000   Number         0  useno.o ABSOLUTE
    __use_no_heap                            0x00000000   Number         0  useno.o ABSOLUTE
    __use_no_heap_region                     0x00000000   Number         0  useno.o ABSOLUTE
    __use_no_semihosting                     0x00000000   Number         0  useno.o ABSOLUTE
    __use_no_semihosting_swi                 0x00000000   Number         0  useno.o ABSOLUTE
    __use_no_signal_handling                 0x00000000   Number         0  useno.o ABSOLUTE
    _printf_a                                0x00000000   Number         0  stubs.o ABSOLUTE
    _printf_c                                0x00000000   Number         0  stubs.o ABSOLUTE
    _printf_charcount                        0x00000000   Number         0  stubs.o ABSOLUTE
    _printf_d                                0x00000000   Number         0  stubs.o ABSOLUTE
    _printf_e                                0x00000000   Number         0  stubs.o ABSOLUTE
    _printf_f                                0x00000000   Number         0  stubs.o ABSOLUTE
    _printf_flags                            0x00000000   Number         0  stubs.o ABSOLUTE
    _printf_fp_dec                           0x00000000   Number         0  stubs.o ABSOLUTE
    _printf_fp_hex                           0x00000000   Number         0  stubs.o ABSOLUTE
    _printf_g                                0x00000000   Number         0  stubs.o ABSOLUTE
    _printf_i                                0x00000000   Number         0  stubs.o ABSOLUTE
    _printf_int_dec                          0x00000000   Number         0  stubs.o ABSOLUTE
    _printf_l                                0x00000000   Number         0  stubs.o ABSOLUTE
    _printf_lc                               0x00000000   Number         0  stubs.o ABSOLUTE
    _printf_ll                               0x00000000   Number         0  stubs.o ABSOLUTE
    _printf_lld                              0x00000000   Number         0  stubs.o ABSOLUTE
    _printf_lli                              0x00000000   Number         0  stubs.o ABSOLUTE
    _printf_llo                              0x00000000   Number         0  stubs.o ABSOLUTE
    _printf_llu                              0x00000000   Number         0  stubs.o ABSOLUTE
    _printf_llx                              0x00000000   Number         0  stubs.o ABSOLUTE
    _printf_longlong_dec                     0x00000000   Number         0  stubs.o ABSOLUTE
    _printf_longlong_hex                     0x00000000   Number         0  stubs.o ABSOLUTE
    _printf_longlong_oct                     0x00000000   Number         0  stubs.o ABSOLUTE
    _printf_ls                               0x00000000   Number         0  stubs.o ABSOLUTE
    _printf_mbtowc                           0x00000000   Number         0  stubs.o ABSOLUTE
    _printf_n                                0x00000000   Number         0  stubs.o ABSOLUTE
    _printf_o                                0x00000000   Number         0  stubs.o ABSOLUTE
    _printf_p                                0x00000000   Number         0  stubs.o ABSOLUTE
    _printf_percent                          0x00000000   Number         0  stubs.o ABSOLUTE
    _printf_pre_padding                      0x00000000   Number         0  stubs.o ABSOLUTE
    _printf_return_value                     0x00000000   Number         0  stubs.o ABSOLUTE
    _printf_s                                0x00000000   Number         0  stubs.o ABSOLUTE
    _printf_sizespec                         0x00000000   Number         0  stubs.o ABSOLUTE
    _printf_str                              0x00000000   Number         0  stubs.o ABSOLUTE
    _printf_truncate_signed                  0x00000000   Number         0  stubs.o ABSOLUTE
    _printf_truncate_unsigned                0x00000000   Number         0  stubs.o ABSOLUTE
    _printf_u                                0x00000000   Number         0  stubs.o ABSOLUTE
    _printf_wc                               0x00000000   Number         0  stubs.o ABSOLUTE
    _printf_wctomb                           0x00000000   Number         0  stubs.o ABSOLUTE
    _printf_widthprec                        0x00000000   Number         0  stubs.o ABSOLUTE
    _printf_x                                0x00000000   Number         0  stubs.o ABSOLUTE
    __cpp_initialize__aeabi_                  - Undefined Weak Reference
    __cxa_finalize                            - Undefined Weak Reference
    __decompress                              - Undefined Weak Reference
    _clock_init                               - Undefined Weak Reference
    _microlib_exit                            - Undefined Weak Reference
    __Vectors_Size                           0x00000130   Number         0  startup_stm32f10x_hd.o ABSOLUTE
    __Vectors                                0x08000000   Data           4  startup_stm32f10x_hd.o(RESET)
    __Vectors_End                            0x08000130   Data           0  startup_stm32f10x_hd.o(RESET)
    __main                                   0x08000131   Thumb Code     0  entry.o(.ARM.Collect$$$$00000000)
    _main_stk                                0x08000131   Thumb Code     0  entry2.o(.ARM.Collect$$$$00000001)
    _main_scatterload                        0x08000135   Thumb Code     0  entry5.o(.ARM.Collect$$$$00000004)
    __main_after_scatterload                 0x08000139   Thumb Code     0  entry5.o(.ARM.Collect$$$$00000004)
    _main_clock                              0x08000139   Thumb Code     0  entry7b.o(.ARM.Collect$$$$00000008)
    _main_cpp_init                           0x08000139   Thumb Code     0  entry8b.o(.ARM.Collect$$$$0000000A)
    _main_init                               0x08000139   Thumb Code     0  entry9a.o(.ARM.Collect$$$$0000000B)
    __rt_final_cpp                           0x08000141   Thumb Code     0  entry10a.o(.ARM.Collect$$$$0000000D)
    __rt_final_exit                          0x08000141   Thumb Code     0  entry11a.o(.ARM.Collect$$$$0000000F)
    Reset_Handler                            0x08000145   Thumb Code     8  startup_stm32f10x_hd.o(.text)
    NMI_Handler                              0x0800014d   Thumb Code     2  startup_stm32f10x_hd.o(.text)
    HardFault_Handler                        0x0800014f   Thumb Code     2  startup_stm32f10x_hd.o(.text)
    MemManage_Handler                        0x08000151   Thumb Code     2  startup_stm32f10x_hd.o(.text)
    BusFault_Handler                         0x08000153   Thumb Code     2  startup_stm32f10x_hd.o(.text)
    UsageFault_Handler                       0x08000155   Thumb Code     2  startup_stm32f10x_hd.o(.text)
    SVC_Handler                              0x08000157   Thumb Code     2  startup_stm32f10x_hd.o(.text)
    DebugMon_Handler                         0x08000159   Thumb Code     2  startup_stm32f10x_hd.o(.text)
    PendSV_Handler                           0x0800015b   Thumb Code     2  startup_stm32f10x_hd.o(.text)
    SysTick_Handler                          0x0800015d   Thumb Code     2  startup_stm32f10x_hd.o(.text)
    ADC1_2_IRQHandler                        0x0800015f   Thumb Code     0  startup_stm32f10x_hd.o(.text)
    ADC3_IRQHandler                          0x0800015f   Thumb Code     0  startup_stm32f10x_hd.o(.text)
    CAN1_RX1_IRQHandler                      0x0800015f   Thumb Code     0  startup_stm32f10x_hd.o(.text)
    CAN1_SCE_IRQHandler                      0x0800015f   Thumb Code     0  startup_stm32f10x_hd.o(.text)
    DMA1_Channel1_IRQHandler                 0x0800015f   Thumb Code     0  startup_stm32f10x_hd.o(.text)
    DMA1_Channel2_IRQHandler                 0x0800015f   Thumb Code     0  startup_stm32f10x_hd.o(.text)
    DMA1_Channel3_IRQHandler                 0x0800015f   Thumb Code     0  startup_stm32f10x_hd.o(.text)
    DMA1_Channel4_IRQHandler                 0x0800015f   Thumb Code     0  startup_stm32f10x_hd.o(.text)
    DMA1_Channel5_IRQHandler                 0x0800015f   Thumb Code     0  startup_stm32f10x_hd.o(.text)
    DMA1_Channel6_IRQHandler                 0x0800015f   Thumb Code     0  startup_stm32f10x_hd.o(.text)
    DMA1_Channel7_IRQHandler                 0x0800015f   Thumb Code     0  startup_stm32f10x_hd.o(.text)
    DMA2_Channel1_IRQHandler                 0x0800015f   Thumb Code     0  startup_stm32f10x_hd.o(.text)
    DMA2_Channel2_IRQHandler                 0x0800015f   Thumb Code     0  startup_stm32f10x_hd.o(.text)
    DMA2_Channel3_IRQHandler                 0x0800015f   Thumb Code     0  startup_stm32f10x_hd.o(.text)
    DMA2_Channel4_5_IRQHandler               0x0800015f   Thumb Code     0  startup_stm32f10x_hd.o(.text)
    EXTI0_IRQHandler                         0x0800015f   Thumb Code     0  startup_stm32f10x_hd.o(.text)
    EXTI15_10_IRQHandler                     0x0800015f   Thumb Code     0  startup_stm32f10x_hd.o(.text)
    EXTI1_IRQHandler                         0x0800015f   Thumb Code     0  startup_stm32f10x_hd.o(.text)
    EXTI2_IRQHandler                         0x0800015f   Thumb Code     0  startup_stm32f10x_hd.o(.text)
    EXTI3_IRQHandler                         0x0800015f   Thumb Code     0  startup_stm32f10x_hd.o(.text)
    EXTI4_IRQHandler                         0x0800015f   Thumb Code     0  startup_stm32f10x_hd.o(.text)
    EXTI9_5_IRQHandler                       0x0800015f   Thumb Code     0  startup_stm32f10x_hd.o(.text)
    FLASH_IRQHandler                         0x0800015f   Thumb Code     0  startup_stm32f10x_hd.o(.text)
    FSMC_IRQHandler                          0x0800015f   Thumb Code     0  startup_stm32f10x_hd.o(.text)
    I2C1_ER_IRQHandler                       0x0800015f   Thumb Code     0  startup_stm32f10x_hd.o(.text)
    I2C1_EV_IRQHandler                       0x0800015f   Thumb Code     0  startup_stm32f10x_hd.o(.text)
    I2C2_ER_IRQHandler                       0x0800015f   Thumb Code     0  startup_stm32f10x_hd.o(.text)
    I2C2_EV_IRQHandler                       0x0800015f   Thumb Code     0  startup_stm32f10x_hd.o(.text)
    PVD_IRQHandler                           0x0800015f   Thumb Code     0  startup_stm32f10x_hd.o(.text)
    RCC_IRQHandler                           0x0800015f   Thumb Code     0  startup_stm32f10x_hd.o(.text)
    RTCAlarm_IRQHandler                      0x0800015f   Thumb Code     0  startup_stm32f10x_hd.o(.text)
    RTC_IRQHandler                           0x0800015f   Thumb Code     0  startup_stm32f10x_hd.o(.text)
    SDIO_IRQHandler                          0x0800015f   Thumb Code     0  startup_stm32f10x_hd.o(.text)
    SPI1_IRQHandler                          0x0800015f   Thumb Code     0  startup_stm32f10x_hd.o(.text)
    SPI2_IRQHandler                          0x0800015f   Thumb Code     0  startup_stm32f10x_hd.o(.text)
    SPI3_IRQHandler                          0x0800015f   Thumb Code     0  startup_stm32f10x_hd.o(.text)
    TAMPER_IRQHandler                        0x0800015f   Thumb Code     0  startup_stm32f10x_hd.o(.text)
    TIM1_BRK_IRQHandler                      0x0800015f   Thumb Code     0  startup_stm32f10x_hd.o(.text)
    TIM1_CC_IRQHandler                       0x0800015f   Thumb Code     0  startup_stm32f10x_hd.o(.text)
    TIM1_TRG_COM_IRQHandler                  0x0800015f   Thumb Code     0  startup_stm32f10x_hd.o(.text)
    TIM1_UP_IRQHandler                       0x0800015f   Thumb Code     0  startup_stm32f10x_hd.o(.text)
    TIM2_IRQHandler                          0x0800015f   Thumb Code     0  startup_stm32f10x_hd.o(.text)
    TIM3_IRQHandler                          0x0800015f   Thumb Code     0  startup_stm32f10x_hd.o(.text)
    TIM4_IRQHandler                          0x0800015f   Thumb Code     0  startup_stm32f10x_hd.o(.text)
    TIM5_IRQHandler                          0x0800015f   Thumb Code     0  startup_stm32f10x_hd.o(.text)
    TIM6_IRQHandler                          0x0800015f   Thumb Code     0  startup_stm32f10x_hd.o(.text)
    TIM7_IRQHandler                          0x0800015f   Thumb Code     0  startup_stm32f10x_hd.o(.text)
    TIM8_BRK_IRQHandler                      0x0800015f   Thumb Code     0  startup_stm32f10x_hd.o(.text)
    TIM8_CC_IRQHandler                       0x0800015f   Thumb Code     0  startup_stm32f10x_hd.o(.text)
    TIM8_TRG_COM_IRQHandler                  0x0800015f   Thumb Code     0  startup_stm32f10x_hd.o(.text)
    TIM8_UP_IRQHandler                       0x0800015f   Thumb Code     0  startup_stm32f10x_hd.o(.text)
    UART4_IRQHandler                         0x0800015f   Thumb Code     0  startup_stm32f10x_hd.o(.text)
    UART5_IRQHandler                         0x0800015f   Thumb Code     0  startup_stm32f10x_hd.o(.text)
    USART1_IRQHandler                        0x0800015f   Thumb Code     0  startup_stm32f10x_hd.o(.text)
    USART2_IRQHandler                        0x0800015f   Thumb Code     0  startup_stm32f10x_hd.o(.text)
    USART3_IRQHandler                        0x0800015f   Thumb Code     0  startup_stm32f10x_hd.o(.text)
    USBWakeUp_IRQHandler                     0x0800015f   Thumb Code     0  startup_stm32f10x_hd.o(.text)
    USB_HP_CAN1_TX_IRQHandler                0x0800015f   Thumb Code     0  startup_stm32f10x_hd.o(.text)
    USB_LP_CAN1_RX0_IRQHandler               0x0800015f   Thumb Code     0  startup_stm32f10x_hd.o(.text)
    WWDG_IRQHandler                          0x0800015f   Thumb Code     0  startup_stm32f10x_hd.o(.text)
    __aeabi_ldivmod                          0x08000169   Thumb Code    98  ldiv.o(.text)
    __aeabi_fadd                             0x080001cb   Thumb Code   164  fadd.o(.text)
    __aeabi_fsub                             0x0800026f   Thumb Code     6  fadd.o(.text)
    __aeabi_frsub                            0x08000275   Thumb Code     6  fadd.o(.text)
    __aeabi_fdiv                             0x0800027b   Thumb Code   124  fdiv.o(.text)
    __aeabi_dadd                             0x080002f7   Thumb Code   322  dadd.o(.text)
    __aeabi_dsub                             0x08000439   Thumb Code     6  dadd.o(.text)
    __aeabi_drsub                            0x0800043f   Thumb Code     6  dadd.o(.text)
    __aeabi_dmul                             0x08000445   Thumb Code   228  dmul.o(.text)
    __aeabi_ddiv                             0x08000529   Thumb Code   222  ddiv.o(.text)
    __aeabi_i2d                              0x08000607   Thumb Code    34  dflti.o(.text)
    __aeabi_ui2d                             0x08000629   Thumb Code    26  dfltui.o(.text)
    __aeabi_d2iz                             0x08000643   Thumb Code    62  dfixi.o(.text)
    __aeabi_f2d                              0x08000681   Thumb Code    38  f2d.o(.text)
    __aeabi_d2f                              0x080006a7   Thumb Code    56  d2f.o(.text)
    __aeabi_cfcmpeq                          0x080006e1   Thumb Code     0  cfcmple.o(.text)
    __aeabi_cfcmple                          0x080006e1   Thumb Code    20  cfcmple.o(.text)
    __aeabi_uidiv                            0x080006f5   Thumb Code     0  uidiv.o(.text)
    __aeabi_uidivmod                         0x080006f5   Thumb Code    44  uidiv.o(.text)
    __aeabi_uldivmod                         0x08000721   Thumb Code    98  uldiv.o(.text)
    __aeabi_llsl                             0x08000783   Thumb Code    30  llshl.o(.text)
    _ll_shift_l                              0x08000783   Thumb Code     0  llshl.o(.text)
    __aeabi_llsr                             0x080007a1   Thumb Code    32  llushr.o(.text)
    _ll_ushift_r                             0x080007a1   Thumb Code     0  llushr.o(.text)
    __aeabi_lasr                             0x080007c1   Thumb Code    36  llsshr.o(.text)
    _ll_sshift_r                             0x080007c1   Thumb Code     0  llsshr.o(.text)
    __I$use$fp                               0x080007e5   Thumb Code     0  iusefp.o(.text)
    _float_round                             0x080007e5   Thumb Code    18  fepilogue.o(.text)
    _float_epilogue                          0x080007f7   Thumb Code    92  fepilogue.o(.text)
    _double_round                            0x08000853   Thumb Code    30  depilogue.o(.text)
    _double_epilogue                         0x08000871   Thumb Code   156  depilogue.o(.text)
    __ARM_scalbn                             0x0800090d   Thumb Code    46  dscalb.o(.text)
    scalbn                                   0x0800090d   Thumb Code     0  dscalb.o(.text)
    __aeabi_d2ulz                            0x0800093b   Thumb Code    48  dfixul.o(.text)
    __aeabi_cdrcmple                         0x0800096d   Thumb Code    48  cdrcmple.o(.text)
    __scatterload                            0x0800099d   Thumb Code    28  init.o(.text)
    __scatterload_rt2                        0x0800099d   Thumb Code     0  init.o(.text)
    _dsqrt                                   0x080009c1   Thumb Code   162  dsqrt.o(.text)
    ATH20_Init                               0x08000a65   Thumb Code   120  ath20.o(i.ATH20_Init)
    ATH20_Read_CTdata                        0x08000aed   Thumb Code   138  ath20.o(i.ATH20_Read_CTdata)
    ATH20_Read_Cal_Enable                    0x08000b7d   Thumb Code    22  ath20.o(i.ATH20_Read_Cal_Enable)
    ATH20_Read_Status                        0x08000b93   Thumb Code    20  ath20.o(i.ATH20_Read_Status)
    BMP280GetData                            0x08000d0d   Thumb Code   190  bmp280.o(i.BMP280GetData)
    BMP280_Init                              0x08000e39   Thumb Code    70  bmp280.o(i.BMP280_Init)
    GPIO_Configuration                       0x08000e85   Thumb Code    30  main.o(i.GPIO_Configuration)
    GPIO_Init                                0x08000ea9   Thumb Code   156  stm32f10x_gpio.o(i.GPIO_Init)
    GPIO_ReadInputDataBit                    0x08000f45   Thumb Code    14  stm32f10x_gpio.o(i.GPIO_ReadInputDataBit)
    GPIO_ResetBits                           0x08000f53   Thumb Code     4  stm32f10x_gpio.o(i.GPIO_ResetBits)
    GPIO_SetBits                             0x08000f57   Thumb Code     4  stm32f10x_gpio.o(i.GPIO_SetBits)
    I2C_Bus_Init                             0x08000f5d   Thumb Code    68  bsp_i2c.o(i.I2C_Bus_Init)
    RCC_APB1PeriphResetCmd                   0x08000fad   Thumb Code    18  stm32f10x_rcc.o(i.RCC_APB1PeriphResetCmd)
    RCC_APB2PeriphClockCmd                   0x08000fc5   Thumb Code    18  stm32f10x_rcc.o(i.RCC_APB2PeriphClockCmd)
    RCC_APB2PeriphResetCmd                   0x08000fdd   Thumb Code    18  stm32f10x_rcc.o(i.RCC_APB2PeriphResetCmd)
    RCC_Configuration                        0x08000ff5   Thumb Code    26  main.o(i.RCC_Configuration)
    RCC_GetClocksFreq                        0x08001011   Thumb Code   132  stm32f10x_rcc.o(i.RCC_GetClocksFreq)
    Sensors_I2C_ReadRegister                 0x080010a5   Thumb Code    84  bsp_i2c.o(i.Sensors_I2C_ReadRegister)
    Sensors_I2C_WriteRegister                0x08001105   Thumb Code   126  bsp_i2c.o(i.Sensors_I2C_WriteRegister)
    Soft_I2C_Wait_Ack                        0x0800148d   Thumb Code    76  bsp_i2c.o(i.Soft_I2C_Wait_Ack)
    SystemInit                               0x080014dd   Thumb Code    64  system_stm32f10x.o(i.SystemInit)
    USART_Cmd                                0x0800152d   Thumb Code    20  stm32f10x_usart.o(i.USART_Cmd)
    USART_DeInit                             0x08001541   Thumb Code    96  stm32f10x_usart.o(i.USART_DeInit)
    USART_GetFlagStatus                      0x080015b5   Thumb Code    14  stm32f10x_usart.o(i.USART_GetFlagStatus)
    USART_Init                               0x080015c5   Thumb Code   166  stm32f10x_usart.o(i.USART_Init)
    USART_SendData                           0x08001671   Thumb Code     8  stm32f10x_usart.o(i.USART_SendData)
    __0printf                                0x08001679   Thumb Code    22  printfa.o(i.__0printf)
    __1printf                                0x08001679   Thumb Code     0  printfa.o(i.__0printf)
    __2printf                                0x08001679   Thumb Code     0  printfa.o(i.__0printf)
    __c89printf                              0x08001679   Thumb Code     0  printfa.o(i.__0printf)
    printf                                   0x08001679   Thumb Code     0  printfa.o(i.__0printf)
    __ARM_fpclassify                         0x08001699   Thumb Code    40  fpclassify.o(i.__ARM_fpclassify)
    __kernel_poly                            0x080016c1   Thumb Code   170  poly.o(i.__kernel_poly)
    __mathlib_dbl_divzero                    0x0800176d   Thumb Code    12  dunder.o(i.__mathlib_dbl_divzero)
    __mathlib_dbl_infnan2                    0x0800177d   Thumb Code     4  dunder.o(i.__mathlib_dbl_infnan2)
    __mathlib_dbl_invalid                    0x08001781   Thumb Code    12  dunder.o(i.__mathlib_dbl_invalid)
    __mathlib_dbl_overflow                   0x0800178d   Thumb Code    14  dunder.o(i.__mathlib_dbl_overflow)
    __mathlib_dbl_underflow                  0x0800179d   Thumb Code    10  dunder.o(i.__mathlib_dbl_underflow)
    __scatterload_copy                       0x080017ad   Thumb Code    14  handlers.o(i.__scatterload_copy)
    __scatterload_null                       0x080017bb   Thumb Code     2  handlers.o(i.__scatterload_null)
    __scatterload_zeroinit                   0x080017bd   Thumb Code    14  handlers.o(i.__scatterload_zeroinit)
    __set_errno                              0x080017cd   Thumb Code     6  errno.o(i.__set_errno)
    fputc                                    0x0800206d   Thumb Code    30  main.o(i.fputc)
    main                                     0x08002091   Thumb Code   268  main.o(i.main)
    pow                                      0x0800229d   Thumb Code  2478  pow.o(i.pow)
    sqrt                                     0x08002d15   Thumb Code    76  sqrt.o(i.sqrt)
    uart_init                                0x08002d61   Thumb Code   118  main.o(i.uart_init)
    __mathlib_zero                           0x08002e68   Data           8  qnan.o(.constdata)
    Region$$Table$$Base                      0x08002e70   Number         0  anon$$obj.o(Region$$Table)
    Region$$Table$$Limit                     0x08002e90   Number         0  anon$$obj.o(Region$$Table)
    __stdout                                 0x20000000   Data           4  main.o(.data)
    count                                    0x20000006   Data           1  ath20.o(.data)
    bmp280Cal                                0x20000048   Data          28  bmp280.o(.bss)
    __initial_sp                             0x20000468   Data           0  startup_stm32f10x_hd.o(STACK)



==============================================================================

Memory Map of the image

  Image Entry point : 0x08000131

  Load Region LR_IROM1 (Base: 0x08000000, Size: 0x00002ec4, Max: 0x00080000, ABSOLUTE)

    Execution Region ER_IROM1 (Base: 0x08000000, Size: 0x00002e90, Max: 0x00080000, ABSOLUTE)

    Base Addr    Size         Type   Attr      Idx    E Section Name        Object

    0x08000000   0x00000130   Data   RO          781    RESET               startup_stm32f10x_hd.o
    0x08000130   0x00000000   Code   RO          843  * .ARM.Collect$$$$00000000  mc_w.l(entry.o)
    0x08000130   0x00000004   Code   RO         1158    .ARM.Collect$$$$00000001  mc_w.l(entry2.o)
    0x08000134   0x00000004   Code   RO         1161    .ARM.Collect$$$$00000004  mc_w.l(entry5.o)
    0x08000138   0x00000000   Code   RO         1163    .ARM.Collect$$$$00000008  mc_w.l(entry7b.o)
    0x08000138   0x00000000   Code   RO         1165    .ARM.Collect$$$$0000000A  mc_w.l(entry8b.o)
    0x08000138   0x00000008   Code   RO         1166    .ARM.Collect$$$$0000000B  mc_w.l(entry9a.o)
    0x08000140   0x00000000   Code   RO         1168    .ARM.Collect$$$$0000000D  mc_w.l(entry10a.o)
    0x08000140   0x00000000   Code   RO         1170    .ARM.Collect$$$$0000000F  mc_w.l(entry11a.o)
    0x08000140   0x00000004   Code   RO         1159    .ARM.Collect$$$$00002712  mc_w.l(entry2.o)
    0x08000144   0x00000024   Code   RO          782    .text               startup_stm32f10x_hd.o
    0x08000168   0x00000062   Code   RO          846    .text               mc_w.l(ldiv.o)
    0x080001ca   0x000000b0   Code   RO         1109    .text               mf_w.l(fadd.o)
    0x0800027a   0x0000007c   Code   RO         1111    .text               mf_w.l(fdiv.o)
    0x080002f6   0x0000014e   Code   RO         1113    .text               mf_w.l(dadd.o)
    0x08000444   0x000000e4   Code   RO         1115    .text               mf_w.l(dmul.o)
    0x08000528   0x000000de   Code   RO         1117    .text               mf_w.l(ddiv.o)
    0x08000606   0x00000022   Code   RO         1119    .text               mf_w.l(dflti.o)
    0x08000628   0x0000001a   Code   RO         1121    .text               mf_w.l(dfltui.o)
    0x08000642   0x0000003e   Code   RO         1123    .text               mf_w.l(dfixi.o)
    0x08000680   0x00000026   Code   RO         1125    .text               mf_w.l(f2d.o)
    0x080006a6   0x00000038   Code   RO         1127    .text               mf_w.l(d2f.o)
    0x080006de   0x00000002   PAD
    0x080006e0   0x00000014   Code   RO         1129    .text               mf_w.l(cfcmple.o)
    0x080006f4   0x0000002c   Code   RO         1172    .text               mc_w.l(uidiv.o)
    0x08000720   0x00000062   Code   RO         1174    .text               mc_w.l(uldiv.o)
    0x08000782   0x0000001e   Code   RO         1176    .text               mc_w.l(llshl.o)
    0x080007a0   0x00000020   Code   RO         1178    .text               mc_w.l(llushr.o)
    0x080007c0   0x00000024   Code   RO         1180    .text               mc_w.l(llsshr.o)
    0x080007e4   0x00000000   Code   RO         1189    .text               mc_w.l(iusefp.o)
    0x080007e4   0x0000006e   Code   RO         1190    .text               mf_w.l(fepilogue.o)
    0x08000852   0x000000ba   Code   RO         1192    .text               mf_w.l(depilogue.o)
    0x0800090c   0x0000002e   Code   RO         1194    .text               mf_w.l(dscalb.o)
    0x0800093a   0x00000030   Code   RO         1196    .text               mf_w.l(dfixul.o)
    0x0800096a   0x00000002   PAD
    0x0800096c   0x00000030   Code   RO         1198    .text               mf_w.l(cdrcmple.o)
    0x0800099c   0x00000024   Code   RO         1200    .text               mc_w.l(init.o)
    0x080009c0   0x000000a2   Code   RO         1202    .text               mf_w.l(dsqrt.o)
    0x08000a62   0x00000002   PAD
    0x08000a64   0x00000088   Code   RO          212    i.ATH20_Init        ath20.o
    0x08000aec   0x00000090   Code   RO          213    i.ATH20_Read_CTdata  ath20.o
    0x08000b7c   0x00000016   Code   RO          214    i.ATH20_Read_Cal_Enable  ath20.o
    0x08000b92   0x00000014   Code   RO          215    i.ATH20_Read_Status  ath20.o
    0x08000ba6   0x00000002   PAD
    0x08000ba8   0x00000164   Code   RO          244    i.BMP280CompensateP  bmp280.o
    0x08000d0c   0x000000d0   Code   RO          245    i.BMP280GetData     bmp280.o
    0x08000ddc   0x0000005c   Code   RO          246    i.BMP280PressureToAltitude  bmp280.o
    0x08000e38   0x0000004c   Code   RO          247    i.BMP280_Init       bmp280.o
    0x08000e84   0x00000024   Code   RO            1    i.GPIO_Configuration  main.o
    0x08000ea8   0x0000009c   Code   RO          291    i.GPIO_Init         stm32f10x_gpio.o
    0x08000f44   0x0000000e   Code   RO          295    i.GPIO_ReadInputDataBit  stm32f10x_gpio.o
    0x08000f52   0x00000004   Code   RO          298    i.GPIO_ResetBits    stm32f10x_gpio.o
    0x08000f56   0x00000004   Code   RO          299    i.GPIO_SetBits      stm32f10x_gpio.o
    0x08000f5a   0x00000002   PAD
    0x08000f5c   0x00000050   Code   RO          133    i.I2C_Bus_Init      bsp_i2c.o
    0x08000fac   0x00000018   Code   RO          402    i.RCC_APB1PeriphResetCmd  stm32f10x_rcc.o
    0x08000fc4   0x00000018   Code   RO          403    i.RCC_APB2PeriphClockCmd  stm32f10x_rcc.o
    0x08000fdc   0x00000018   Code   RO          404    i.RCC_APB2PeriphResetCmd  stm32f10x_rcc.o
    0x08000ff4   0x0000001a   Code   RO            2    i.RCC_Configuration  main.o
    0x0800100e   0x00000002   PAD
    0x08001010   0x00000094   Code   RO          411    i.RCC_GetClocksFreq  stm32f10x_rcc.o
    0x080010a4   0x00000060   Code   RO          134    i.Sensors_I2C_ReadRegister  bsp_i2c.o
    0x08001104   0x0000008c   Code   RO          135    i.Sensors_I2C_WriteRegister  bsp_i2c.o
    0x08001190   0x000000a8   Code   RO          797    i.SetSysClockTo72   system_stm32f10x.o
    0x08001238   0x00000060   Code   RO          137    i.Soft_DMP_I2C_Read  bsp_i2c.o
    0x08001298   0x00000080   Code   RO          138    i.Soft_I2C_ReceiveByte  bsp_i2c.o
    0x08001318   0x00000080   Code   RO          139    i.Soft_I2C_ReceiveByte_WithACK  bsp_i2c.o
    0x08001398   0x00000060   Code   RO          140    i.Soft_I2C_START    bsp_i2c.o
    0x080013f8   0x00000034   Code   RO          141    i.Soft_I2C_STOP     bsp_i2c.o
    0x0800142c   0x00000060   Code   RO          142    i.Soft_I2C_SendByte  bsp_i2c.o
    0x0800148c   0x00000050   Code   RO          143    i.Soft_I2C_Wait_Ack  bsp_i2c.o
    0x080014dc   0x00000050   Code   RO          799    i.SystemInit        system_stm32f10x.o
    0x0800152c   0x00000014   Code   RO          603    i.USART_Cmd         stm32f10x_usart.o
    0x08001540   0x00000074   Code   RO          605    i.USART_DeInit      stm32f10x_usart.o
    0x080015b4   0x0000000e   Code   RO          606    i.USART_GetFlagStatus  stm32f10x_usart.o
    0x080015c2   0x00000002   PAD
    0x080015c4   0x000000ac   Code   RO          610    i.USART_Init        stm32f10x_usart.o
    0x08001670   0x00000008   Code   RO          620    i.USART_SendData    stm32f10x_usart.o
    0x08001678   0x00000020   Code   RO         1081    i.__0printf         mc_w.l(printfa.o)
    0x08001698   0x00000028   Code   RO         1145    i.__ARM_fpclassify  m_ws.l(fpclassify.o)
    0x080016c0   0x000000aa   Code   RO         1147    i.__kernel_poly     m_ws.l(poly.o)
    0x0800176a   0x00000002   PAD
    0x0800176c   0x00000010   Code   RO         1131    i.__mathlib_dbl_divzero  m_ws.l(dunder.o)
    0x0800177c   0x00000004   Code   RO         1133    i.__mathlib_dbl_infnan2  m_ws.l(dunder.o)
    0x08001780   0x0000000c   Code   RO         1134    i.__mathlib_dbl_invalid  m_ws.l(dunder.o)
    0x0800178c   0x0000000e   Code   RO         1135    i.__mathlib_dbl_overflow  m_ws.l(dunder.o)
    0x0800179a   0x00000002   PAD
    0x0800179c   0x00000010   Code   RO         1137    i.__mathlib_dbl_underflow  m_ws.l(dunder.o)
    0x080017ac   0x0000000e   Code   RO         1208    i.__scatterload_copy  mc_w.l(handlers.o)
    0x080017ba   0x00000002   Code   RO         1209    i.__scatterload_null  mc_w.l(handlers.o)
    0x080017bc   0x0000000e   Code   RO         1210    i.__scatterload_zeroinit  mc_w.l(handlers.o)
    0x080017ca   0x00000002   PAD
    0x080017cc   0x0000000c   Code   RO         1184    i.__set_errno       mc_w.l(errno.o)
    0x080017d8   0x00000164   Code   RO         1088    i._fp_digits        mc_w.l(printfa.o)
    0x0800193c   0x000006dc   Code   RO         1089    i._printf_core      mc_w.l(printfa.o)
    0x08002018   0x00000024   Code   RO         1090    i._printf_post_padding  mc_w.l(printfa.o)
    0x0800203c   0x0000002e   Code   RO         1091    i._printf_pre_padding  mc_w.l(printfa.o)
    0x0800206a   0x00000002   PAD
    0x0800206c   0x00000024   Code   RO            4    i.fputc             main.o
    0x08002090   0x0000020c   Code   RO            5    i.main              main.o
    0x0800229c   0x000009b8   Code   RO          834    i.pow               m_ws.l(pow.o)
    0x08002c54   0x000000c0   Code   RO          248    i.presssureFilter   bmp280.o
    0x08002d14   0x0000004c   Code   RO         1151    i.sqrt              m_ws.l(sqrt.o)
    0x08002d60   0x00000080   Code   RO            6    i.uart_init         main.o
    0x08002de0   0x00000088   Data   RO          835    .constdata          m_ws.l(pow.o)
    0x08002e68   0x00000008   Data   RO         1149    .constdata          m_ws.l(qnan.o)
    0x08002e70   0x00000020   Data   RO         1206    Region$$Table       anon$$obj.o


    Execution Region RW_IRAM1 (Base: 0x20000000, Size: 0x00000468, Max: 0x00010000, ABSOLUTE)

    Base Addr    Size         Type   Attr      Idx    E Section Name        Object

    0x20000000   0x00000004   Data   RW            8    .data               main.o
    0x20000004   0x00000002   Data   RW          144    .data               bsp_i2c.o
    0x20000006   0x00000001   Data   RW          216    .data               ath20.o
    0x20000007   0x00000001   PAD
    0x20000008   0x00000014   Data   RW          250    .data               bmp280.o
    0x2000001c   0x00000014   Data   RW          431    .data               stm32f10x_rcc.o
    0x20000030   0x00000004   Data   RW         1185    .data               mc_w.l(errno.o)
    0x20000034   0x00000030   Zero   RW          249    .bss                bmp280.o
    0x20000064   0x00000004   PAD
    0x20000068   0x00000400   Zero   RW          779    STACK               startup_stm32f10x_hd.o


==============================================================================

Image component sizes


      Code (inc. data)   RO Data    RW Data    ZI Data      Debug   Object Name

       322         22          0          1          0       3215   ath20.o
       924         76          0         20         48       4322   bmp280.o
       992         66          0          2          0       8632   bsp_i2c.o
       750        278          0          4          0     237803   main.o
        36          8        304          0       1024        840   startup_stm32f10x_hd.o
       178          0          0          0          0       3328   stm32f10x_gpio.o
       220         34          0         20          0       4919   stm32f10x_rcc.o
       330         26          0          0          0       4431   stm32f10x_usart.o
       248         24          0          0          0       1581   system_stm32f10x.o

    ----------------------------------------------------------------------
      4008        534        336         48       1076     269071   Object Totals
         0          0         32          0          0          0   (incl. Generated)
         8          0          0          1          4          0   (incl. Padding)

    ----------------------------------------------------------------------

      Code (inc. data)   RO Data    RW Data    ZI Data      Debug   Library Member Name

        62         10          0          0          0        340   dunder.o
        40          0          0          0          0         68   fpclassify.o
       170          0          0          0          0         96   poly.o
      2488        190        136          0          0        300   pow.o
         0          0          8          0          0          0   qnan.o
        76          0          0          0          0         84   sqrt.o
         0          0          0          0          0          0   entry.o
         0          0          0          0          0          0   entry10a.o
         0          0          0          0          0          0   entry11a.o
         8          4          0          0          0          0   entry2.o
         4          0          0          0          0          0   entry5.o
         0          0          0          0          0          0   entry7b.o
         0          0          0          0          0          0   entry8b.o
         8          4          0          0          0          0   entry9a.o
        12          6          0          4          0         68   errno.o
        30          0          0          0          0          0   handlers.o
        36          8          0          0          0         68   init.o
         0          0          0          0          0          0   iusefp.o
        98          0          0          0          0         84   ldiv.o
        30          0          0          0          0         68   llshl.o
        36          0          0          0          0         68   llsshr.o
        32          0          0          0          0         68   llushr.o
      2226         90          0          0          0        444   printfa.o
        44          0          0          0          0         80   uidiv.o
        98          0          0          0          0         92   uldiv.o
        48          0          0          0          0         68   cdrcmple.o
        20          0          0          0          0         68   cfcmple.o
        56          0          0          0          0         88   d2f.o
       334          0          0          0          0        148   dadd.o
       222          0          0          0          0        100   ddiv.o
       186          0          0          0          0        176   depilogue.o
        62          0          0          0          0         80   dfixi.o
        48          0          0          0          0         68   dfixul.o
        34          0          0          0          0         76   dflti.o
        26          0          0          0          0         76   dfltui.o
       228          0          0          0          0         96   dmul.o
        46          0          0          0          0         80   dscalb.o
       162          0          0          0          0        100   dsqrt.o
        38          0          0          0          0         68   f2d.o
       176          0          0          0          0        140   fadd.o
       124          0          0          0          0         88   fdiv.o
       110          0          0          0          0        168   fepilogue.o

    ----------------------------------------------------------------------
      7432        312        144          4          0       3616   Library Totals
        14          0          0          0          0          0   (incl. Padding)

    ----------------------------------------------------------------------

      Code (inc. data)   RO Data    RW Data    ZI Data      Debug   Library Name

      2836        200        144          0          0        888   m_ws.l
      2662        112          0          4          0       1040   mc_w.l
      1920          0          0          0          0       1688   mf_w.l

    ----------------------------------------------------------------------
      7432        312        144          4          0       3616   Library Totals

    ----------------------------------------------------------------------

==============================================================================


      Code (inc. data)   RO Data    RW Data    ZI Data      Debug   

     11440        846        480         52       1076     268939   Grand Totals
     11440        846        480         52       1076     268939   ELF Image Totals
     11440        846        480         52          0          0   ROM Totals

==============================================================================

    Total RO  Size (Code + RO Data)                11920 (  11.64kB)
    Total RW  Size (RW Data + ZI Data)              1128 (   1.10kB)
    Total ROM Size (Code + RO Data + RW Data)      11972 (  11.69kB)

==============================================================================

