ARM Linker, RVCT4.0 [Build 524] for uVision [Professional]

==============================================================================

Section Cross References

    spi_flash.o(i.FlashReadID) refers to stm32f10x_gpio.o(i.GPIO_ResetBits) for GPIO_ResetBits
    spi_flash.o(i.FlashReadID) refers to spi_flash.o(i.SPI_Flash_SendByte) for SPI_Flash_SendByte
    spi_flash.o(i.FlashReadID) refers to spi_flash.o(i.SPI_Flash_ReadByte) for SPI_Flash_ReadByte
    spi_flash.o(i.FlashReadID) refers to stm32f10x_gpio.o(i.GPIO_SetBits) for GPIO_SetBits
    spi_flash.o(i.FlashReadID) refers to spi_flash.o(.data) for .data
    spi_flash.o(i.SPI_Flash_Init) refers to stm32f10x_rcc.o(i.RCC_APB2PeriphClockCmd) for RCC_APB2PeriphClockCmd
    spi_flash.o(i.SPI_Flash_Init) refers to stm32f10x_gpio.o(i.GPIO_Init) for GPIO_Init
    spi_flash.o(i.SPI_Flash_Init) refers to stm32f10x_spi.o(i.SPI_Init) for SPI_Init
    spi_flash.o(i.SPI_Flash_Init) refers to stm32f10x_spi.o(i.SPI_Cmd) for SPI_Cmd
    spi_flash.o(i.SPI_Flash_Init) refers to stm32f10x_gpio.o(i.GPIO_SetBits) for GPIO_SetBits
    spi_flash.o(i.SPI_Flash_ReadByte) refers to spi_flash.o(i.SPI_Flash_SendByte) for SPI_Flash_SendByte
    spi_flash.o(i.SPI_Flash_SendByte) refers to stm32f10x_spi.o(i.SPI_I2S_GetFlagStatus) for SPI_I2S_GetFlagStatus
    spi_flash.o(i.SPI_Flash_SendByte) refers to stm32f10x_spi.o(i.SPI_I2S_SendData) for SPI_I2S_SendData
    spi_flash.o(i.SPI_Flash_SendByte) refers to stm32f10x_spi.o(i.SPI_I2S_ReceiveData) for SPI_I2S_ReceiveData
    spi_flash.o(i.SST25_R_BLOCK) refers to stm32f10x_gpio.o(i.GPIO_ResetBits) for GPIO_ResetBits
    spi_flash.o(i.SST25_R_BLOCK) refers to spi_flash.o(i.SPI_Flash_SendByte) for SPI_Flash_SendByte
    spi_flash.o(i.SST25_R_BLOCK) refers to spi_flash.o(i.SPI_Flash_ReadByte) for SPI_Flash_ReadByte
    spi_flash.o(i.SST25_R_BLOCK) refers to stm32f10x_gpio.o(i.GPIO_SetBits) for GPIO_SetBits
    spi_flash.o(i.SST25_W_BLOCK) refers to spi_flash.o(i.sect_clr) for sect_clr
    spi_flash.o(i.SST25_W_BLOCK) refers to spi_flash.o(i.wsr) for wsr
    spi_flash.o(i.SST25_W_BLOCK) refers to spi_flash.o(i.wen) for wen
    spi_flash.o(i.SST25_W_BLOCK) refers to stm32f10x_gpio.o(i.GPIO_ResetBits) for GPIO_ResetBits
    spi_flash.o(i.SST25_W_BLOCK) refers to spi_flash.o(i.SPI_Flash_SendByte) for SPI_Flash_SendByte
    spi_flash.o(i.SST25_W_BLOCK) refers to stm32f10x_gpio.o(i.GPIO_SetBits) for GPIO_SetBits
    spi_flash.o(i.SST25_W_BLOCK) refers to spi_flash.o(i.wdis) for wdis
    spi_flash.o(i.SST25_W_BLOCK) refers to spi_flash.o(i.wip) for wip
    spi_flash.o(i.br1) refers to stm32f10x_gpio.o(i.GPIO_ResetBits) for GPIO_ResetBits
    spi_flash.o(i.br1) refers to spi_flash.o(i.SPI_Flash_SendByte) for SPI_Flash_SendByte
    spi_flash.o(i.br1) refers to spi_flash.o(i.SPI_Flash_ReadByte) for SPI_Flash_ReadByte
    spi_flash.o(i.br1) refers to stm32f10x_gpio.o(i.GPIO_SetBits) for GPIO_SetBits
    spi_flash.o(i.bw1) refers to spi_flash.o(i.wsr) for wsr
    spi_flash.o(i.bw1) refers to spi_flash.o(i.wen) for wen
    spi_flash.o(i.bw1) refers to stm32f10x_gpio.o(i.GPIO_ResetBits) for GPIO_ResetBits
    spi_flash.o(i.bw1) refers to spi_flash.o(i.SPI_Flash_SendByte) for SPI_Flash_SendByte
    spi_flash.o(i.bw1) refers to stm32f10x_gpio.o(i.GPIO_SetBits) for GPIO_SetBits
    spi_flash.o(i.bw1) refers to spi_flash.o(i.wip) for wip
    spi_flash.o(i.bw1) refers to spi_flash.o(i.wdis) for wdis
    spi_flash.o(i.r_sect) refers to stm32f10x_gpio.o(i.GPIO_ResetBits) for GPIO_ResetBits
    spi_flash.o(i.r_sect) refers to spi_flash.o(i.SPI_Flash_SendByte) for SPI_Flash_SendByte
    spi_flash.o(i.r_sect) refers to spi_flash.o(i.SPI_Flash_ReadByte) for SPI_Flash_ReadByte
    spi_flash.o(i.r_sect) refers to stm32f10x_gpio.o(i.GPIO_SetBits) for GPIO_SetBits
    spi_flash.o(i.r_sect) refers to spi_flash.o(.bss) for .bss
    spi_flash.o(i.rdsr) refers to stm32f10x_gpio.o(i.GPIO_ResetBits) for GPIO_ResetBits
    spi_flash.o(i.rdsr) refers to spi_flash.o(i.SPI_Flash_SendByte) for SPI_Flash_SendByte
    spi_flash.o(i.rdsr) refers to spi_flash.o(i.SPI_Flash_ReadByte) for SPI_Flash_ReadByte
    spi_flash.o(i.rdsr) refers to stm32f10x_gpio.o(i.GPIO_SetBits) for GPIO_SetBits
    spi_flash.o(i.sect_clr) refers to spi_flash.o(i.wsr) for wsr
    spi_flash.o(i.sect_clr) refers to spi_flash.o(i.wen) for wen
    spi_flash.o(i.sect_clr) refers to stm32f10x_gpio.o(i.GPIO_ResetBits) for GPIO_ResetBits
    spi_flash.o(i.sect_clr) refers to spi_flash.o(i.SPI_Flash_SendByte) for SPI_Flash_SendByte
    spi_flash.o(i.sect_clr) refers to stm32f10x_gpio.o(i.GPIO_SetBits) for GPIO_SetBits
    spi_flash.o(i.sect_clr) refers to spi_flash.o(i.wip) for wip
    spi_flash.o(i.w_sect) refers to spi_flash.o(i.wsr) for wsr
    spi_flash.o(i.w_sect) refers to spi_flash.o(i.wen) for wen
    spi_flash.o(i.w_sect) refers to stm32f10x_gpio.o(i.GPIO_ResetBits) for GPIO_ResetBits
    spi_flash.o(i.w_sect) refers to spi_flash.o(i.SPI_Flash_SendByte) for SPI_Flash_SendByte
    spi_flash.o(i.w_sect) refers to stm32f10x_gpio.o(i.GPIO_SetBits) for GPIO_SetBits
    spi_flash.o(i.w_sect) refers to spi_flash.o(i.wdis) for wdis
    spi_flash.o(i.w_sect) refers to spi_flash.o(i.wip) for wip
    spi_flash.o(i.w_sect) refers to spi_flash.o(.bss) for .bss
    spi_flash.o(i.wdis) refers to stm32f10x_gpio.o(i.GPIO_ResetBits) for GPIO_ResetBits
    spi_flash.o(i.wdis) refers to spi_flash.o(i.SPI_Flash_SendByte) for SPI_Flash_SendByte
    spi_flash.o(i.wdis) refers to stm32f10x_gpio.o(i.GPIO_SetBits) for GPIO_SetBits
    spi_flash.o(i.wdis) refers to spi_flash.o(i.wip) for wip
    spi_flash.o(i.wen) refers to stm32f10x_gpio.o(i.GPIO_ResetBits) for GPIO_ResetBits
    spi_flash.o(i.wen) refers to spi_flash.o(i.SPI_Flash_SendByte) for SPI_Flash_SendByte
    spi_flash.o(i.wen) refers to stm32f10x_gpio.o(i.GPIO_SetBits) for GPIO_SetBits
    spi_flash.o(i.wip) refers to spi_flash.o(i.rdsr) for rdsr
    spi_flash.o(i.wsr) refers to stm32f10x_gpio.o(i.GPIO_ResetBits) for GPIO_ResetBits
    spi_flash.o(i.wsr) refers to spi_flash.o(i.SPI_Flash_SendByte) for SPI_Flash_SendByte
    spi_flash.o(i.wsr) refers to stm32f10x_gpio.o(i.GPIO_SetBits) for GPIO_SetBits
    spi_flash.o(i.wsr) refers to spi_flash.o(i.wip) for wip
    main.o(i.GPIO_Configuration) refers to stm32f10x_rcc.o(i.RCC_APB2PeriphClockCmd) for RCC_APB2PeriphClockCmd
    main.o(i.GPIO_Configuration) refers to stm32f10x_gpio.o(i.GPIO_Init) for GPIO_Init
    main.o(i.GPIO_Configuration) refers to main.o(.data) for .data
    main.o(i.NVIC_Configuration) refers to misc.o(i.NVIC_PriorityGroupConfig) for NVIC_PriorityGroupConfig
    main.o(i.NVIC_Configuration) refers to misc.o(i.NVIC_Init) for NVIC_Init
    main.o(i.RCC_Configuration) refers to system_stm32f10x.o(i.SystemInit) for SystemInit
    main.o(i.RCC_Configuration) refers to stm32f10x_rcc.o(i.RCC_APB2PeriphClockCmd) for RCC_APB2PeriphClockCmd
    main.o(i.Serial_Init) refers to stm32f10x_rcc.o(i.RCC_APB2PeriphClockCmd) for RCC_APB2PeriphClockCmd
    main.o(i.Serial_Init) refers to stm32f10x_gpio.o(i.GPIO_Init) for GPIO_Init
    main.o(i.Serial_Init) refers to stm32f10x_usart.o(i.USART_Init) for USART_Init
    main.o(i.Serial_Init) refers to stm32f10x_usart.o(i.USART_ITConfig) for USART_ITConfig
    main.o(i.Serial_Init) refers to stm32f10x_usart.o(i.USART_Cmd) for USART_Cmd
    main.o(i.USART_OUT) refers to stm32f10x_usart.o(i.USART_SendData) for USART_SendData
    main.o(i.USART_OUT) refers to stm32f10x_usart.o(i.USART_GetFlagStatus) for USART_GetFlagStatus
    main.o(i.main) refers to main.o(i.RCC_Configuration) for RCC_Configuration
    main.o(i.main) refers to main.o(i.NVIC_Configuration) for NVIC_Configuration
    main.o(i.main) refers to main.o(i.GPIO_Configuration) for GPIO_Configuration
    main.o(i.main) refers to main.o(i.Serial_Init) for Serial_Init
    main.o(i.main) refers to spi_flash.o(i.SPI_Flash_Init) for SPI_Flash_Init
    main.o(i.main) refers to spi_flash.o(i.SST25_W_BLOCK) for SST25_W_BLOCK
    main.o(i.main) refers to spi_flash.o(i.SST25_R_BLOCK) for SST25_R_BLOCK
    main.o(i.main) refers to stm32f10x_gpio.o(i.GPIO_SetBits) for GPIO_SetBits
    main.o(i.main) refers to main.o(i.USART_OUT) for USART_OUT
    main.o(i.main) refers to main.o(.data) for .data
    main.o(i.main) refers to spi_flash.o(.bss) for SST25_buffer
    stm32f10x_gpio.o(i.GPIO_AFIODeInit) refers to stm32f10x_rcc.o(i.RCC_APB2PeriphResetCmd) for RCC_APB2PeriphResetCmd
    stm32f10x_gpio.o(i.GPIO_DeInit) refers to stm32f10x_rcc.o(i.RCC_APB2PeriphResetCmd) for RCC_APB2PeriphResetCmd
    stm32f10x_rcc.o(i.RCC_GetClocksFreq) refers to stm32f10x_rcc.o(.data) for .data
    stm32f10x_rcc.o(i.RCC_WaitForHSEStartUp) refers to stm32f10x_rcc.o(i.RCC_GetFlagStatus) for RCC_GetFlagStatus
    stm32f10x_spi.o(i.I2S_Init) refers to stm32f10x_rcc.o(i.RCC_GetClocksFreq) for RCC_GetClocksFreq
    stm32f10x_spi.o(i.SPI_I2S_DeInit) refers to stm32f10x_rcc.o(i.RCC_APB2PeriphResetCmd) for RCC_APB2PeriphResetCmd
    stm32f10x_spi.o(i.SPI_I2S_DeInit) refers to stm32f10x_rcc.o(i.RCC_APB1PeriphResetCmd) for RCC_APB1PeriphResetCmd
    stm32f10x_usart.o(i.USART_DeInit) refers to stm32f10x_rcc.o(i.RCC_APB2PeriphResetCmd) for RCC_APB2PeriphResetCmd
    stm32f10x_usart.o(i.USART_DeInit) refers to stm32f10x_rcc.o(i.RCC_APB1PeriphResetCmd) for RCC_APB1PeriphResetCmd
    stm32f10x_usart.o(i.USART_Init) refers to stm32f10x_rcc.o(i.RCC_GetClocksFreq) for RCC_GetClocksFreq
    startup_stm32f10x_hd.o(RESET) refers to startup_stm32f10x_hd.o(STACK) for __initial_sp
    startup_stm32f10x_hd.o(RESET) refers to startup_stm32f10x_hd.o(.text) for Reset_Handler
    startup_stm32f10x_hd.o(RESET) refers to stm32f10x_it.o(i.NMI_Handler) for NMI_Handler
    startup_stm32f10x_hd.o(RESET) refers to stm32f10x_it.o(i.HardFault_Handler) for HardFault_Handler
    startup_stm32f10x_hd.o(RESET) refers to stm32f10x_it.o(i.MemManage_Handler) for MemManage_Handler
    startup_stm32f10x_hd.o(RESET) refers to stm32f10x_it.o(i.BusFault_Handler) for BusFault_Handler
    startup_stm32f10x_hd.o(RESET) refers to stm32f10x_it.o(i.UsageFault_Handler) for UsageFault_Handler
    startup_stm32f10x_hd.o(RESET) refers to stm32f10x_it.o(i.SVC_Handler) for SVC_Handler
    startup_stm32f10x_hd.o(RESET) refers to stm32f10x_it.o(i.DebugMon_Handler) for DebugMon_Handler
    startup_stm32f10x_hd.o(RESET) refers to stm32f10x_it.o(i.PendSV_Handler) for PendSV_Handler
    startup_stm32f10x_hd.o(RESET) refers to stm32f10x_it.o(i.SysTick_Handler) for SysTick_Handler
    startup_stm32f10x_hd.o(RESET) refers to stm32f10x_it.o(i.USART1_IRQHandler) for USART1_IRQHandler
    startup_stm32f10x_hd.o(RESET) refers to stm32f10x_it.o(i.USART2_IRQHandler) for USART2_IRQHandler
    startup_stm32f10x_hd.o(.text) refers to system_stm32f10x.o(i.SystemInit) for SystemInit
    startup_stm32f10x_hd.o(.text) refers to entry.o(.ARM.Collect$$$$00000000) for __main
    system_stm32f10x.o(i.SystemCoreClockUpdate) refers to system_stm32f10x.o(.data) for .data
    system_stm32f10x.o(i.SystemInit) refers to system_stm32f10x.o(i.SetSysClockTo72) for SetSysClockTo72
    entry.o(.ARM.Collect$$$$00000000) refers (Special) to entry7.o(.ARM.Collect$$$$00000007) for _main_init
    entry.o(.ARM.Collect$$$$00000000) refers (Special) to entry5.o(.ARM.Collect$$$$00000004) for _main_scatterload
    entry.o(.ARM.Collect$$$$00000000) refers (Special) to entry2.o(.ARM.Collect$$$$00000001) for _main_stk
    entry2.o(.ARM.Collect$$$$00000001) refers to entry2.o(.ARM.Collect$$$$00002712) for __lit__00000000
    entry2.o(.ARM.Collect$$$$00002712) refers to startup_stm32f10x_hd.o(STACK) for __initial_sp
    entry2.o(__vectab_stack_and_reset_area) refers to startup_stm32f10x_hd.o(STACK) for __initial_sp
    entry2.o(__vectab_stack_and_reset_area) refers to entry.o(.ARM.Collect$$$$00000000) for __main
    entry5.o(.ARM.Collect$$$$00000004) refers to init.o(.text) for __scatterload
    entry7.o(.ARM.Collect$$$$00000007) refers to main.o(i.main) for main
    init.o(.text) refers to entry5.o(.ARM.Collect$$$$00000004) for __main_after_scatterload


==============================================================================

Removing Unused input sections from the image.

    Removing spi_flash.o(i.FlashReadID), (72 bytes).
    Removing spi_flash.o(i.br1), (64 bytes).
    Removing spi_flash.o(i.bw1), (84 bytes).
    Removing spi_flash.o(i.r_sect), (84 bytes).
    Removing spi_flash.o(i.w_sect), (160 bytes).
    Removing spi_flash.o(.data), (2 bytes).
    Removing main.o(i.Delay), (10 bytes).
    Removing main.o(.data), (1 bytes).
    Removing main.o(.data), (2 bytes).
    Removing misc.o(i.NVIC_SetVectorTable), (20 bytes).
    Removing misc.o(i.NVIC_SystemLPConfig), (24 bytes).
    Removing misc.o(i.SysTick_CLKSourceConfig), (24 bytes).
    Removing stm32f10x_gpio.o(i.GPIO_AFIODeInit), (22 bytes).
    Removing stm32f10x_gpio.o(i.GPIO_DeInit), (180 bytes).
    Removing stm32f10x_gpio.o(i.GPIO_ETH_MediaInterfaceConfig), (12 bytes).
    Removing stm32f10x_gpio.o(i.GPIO_EXTILineConfig), (40 bytes).
    Removing stm32f10x_gpio.o(i.GPIO_EventOutputCmd), (12 bytes).
    Removing stm32f10x_gpio.o(i.GPIO_EventOutputConfig), (28 bytes).
    Removing stm32f10x_gpio.o(i.GPIO_PinLockConfig), (16 bytes).
    Removing stm32f10x_gpio.o(i.GPIO_PinRemapConfig), (88 bytes).
    Removing stm32f10x_gpio.o(i.GPIO_ReadInputData), (6 bytes).
    Removing stm32f10x_gpio.o(i.GPIO_ReadInputDataBit), (14 bytes).
    Removing stm32f10x_gpio.o(i.GPIO_ReadOutputData), (6 bytes).
    Removing stm32f10x_gpio.o(i.GPIO_ReadOutputDataBit), (14 bytes).
    Removing stm32f10x_gpio.o(i.GPIO_StructInit), (16 bytes).
    Removing stm32f10x_gpio.o(i.GPIO_Write), (4 bytes).
    Removing stm32f10x_gpio.o(i.GPIO_WriteBit), (10 bytes).
    Removing stm32f10x_rcc.o(i.RCC_ADCCLKConfig), (20 bytes).
    Removing stm32f10x_rcc.o(i.RCC_AHBPeriphClockCmd), (24 bytes).
    Removing stm32f10x_rcc.o(i.RCC_APB1PeriphClockCmd), (24 bytes).
    Removing stm32f10x_rcc.o(i.RCC_APB1PeriphResetCmd), (24 bytes).
    Removing stm32f10x_rcc.o(i.RCC_APB2PeriphResetCmd), (24 bytes).
    Removing stm32f10x_rcc.o(i.RCC_AdjustHSICalibrationValue), (20 bytes).
    Removing stm32f10x_rcc.o(i.RCC_BackupResetCmd), (12 bytes).
    Removing stm32f10x_rcc.o(i.RCC_ClearFlag), (16 bytes).
    Removing stm32f10x_rcc.o(i.RCC_ClearITPendingBit), (12 bytes).
    Removing stm32f10x_rcc.o(i.RCC_ClockSecuritySystemCmd), (12 bytes).
    Removing stm32f10x_rcc.o(i.RCC_DeInit), (64 bytes).
    Removing stm32f10x_rcc.o(i.RCC_GetFlagStatus), (48 bytes).
    Removing stm32f10x_rcc.o(i.RCC_GetITStatus), (20 bytes).
    Removing stm32f10x_rcc.o(i.RCC_GetSYSCLKSource), (16 bytes).
    Removing stm32f10x_rcc.o(i.RCC_HCLKConfig), (20 bytes).
    Removing stm32f10x_rcc.o(i.RCC_HSEConfig), (52 bytes).
    Removing stm32f10x_rcc.o(i.RCC_HSICmd), (12 bytes).
    Removing stm32f10x_rcc.o(i.RCC_ITConfig), (24 bytes).
    Removing stm32f10x_rcc.o(i.RCC_LSEConfig), (32 bytes).
    Removing stm32f10x_rcc.o(i.RCC_LSICmd), (12 bytes).
    Removing stm32f10x_rcc.o(i.RCC_MCOConfig), (12 bytes).
    Removing stm32f10x_rcc.o(i.RCC_PCLK1Config), (20 bytes).
    Removing stm32f10x_rcc.o(i.RCC_PCLK2Config), (20 bytes).
    Removing stm32f10x_rcc.o(i.RCC_PLLCmd), (12 bytes).
    Removing stm32f10x_rcc.o(i.RCC_PLLConfig), (20 bytes).
    Removing stm32f10x_rcc.o(i.RCC_RTCCLKCmd), (12 bytes).
    Removing stm32f10x_rcc.o(i.RCC_RTCCLKConfig), (16 bytes).
    Removing stm32f10x_rcc.o(i.RCC_SYSCLKConfig), (20 bytes).
    Removing stm32f10x_rcc.o(i.RCC_USBCLKConfig), (12 bytes).
    Removing stm32f10x_rcc.o(i.RCC_WaitForHSEStartUp), (38 bytes).
    Removing stm32f10x_spi.o(i.I2S_Cmd), (20 bytes).
    Removing stm32f10x_spi.o(i.I2S_Init), (144 bytes).
    Removing stm32f10x_spi.o(i.I2S_StructInit), (18 bytes).
    Removing stm32f10x_spi.o(i.SPI_BiDirectionalLineConfig), (22 bytes).
    Removing stm32f10x_spi.o(i.SPI_CalculateCRC), (20 bytes).
    Removing stm32f10x_spi.o(i.SPI_DataSizeConfig), (16 bytes).
    Removing stm32f10x_spi.o(i.SPI_GetCRC), (12 bytes).
    Removing stm32f10x_spi.o(i.SPI_GetCRCPolynomial), (4 bytes).
    Removing stm32f10x_spi.o(i.SPI_I2S_ClearFlag), (6 bytes).
    Removing stm32f10x_spi.o(i.SPI_I2S_ClearITPendingBit), (14 bytes).
    Removing stm32f10x_spi.o(i.SPI_I2S_DMACmd), (16 bytes).
    Removing stm32f10x_spi.o(i.SPI_I2S_DeInit), (84 bytes).
    Removing stm32f10x_spi.o(i.SPI_I2S_GetITStatus), (44 bytes).
    Removing stm32f10x_spi.o(i.SPI_I2S_ITConfig), (24 bytes).
    Removing stm32f10x_spi.o(i.SPI_NSSInternalSoftwareConfig), (24 bytes).
    Removing stm32f10x_spi.o(i.SPI_SSOutputCmd), (20 bytes).
    Removing stm32f10x_spi.o(i.SPI_StructInit), (24 bytes).
    Removing stm32f10x_spi.o(i.SPI_TransmitCRC), (10 bytes).
    Removing stm32f10x_usart.o(i.USART_ClearFlag), (6 bytes).
    Removing stm32f10x_usart.o(i.USART_ClearITPendingBit), (12 bytes).
    Removing stm32f10x_usart.o(i.USART_ClockInit), (30 bytes).
    Removing stm32f10x_usart.o(i.USART_ClockStructInit), (12 bytes).
    Removing stm32f10x_usart.o(i.USART_DMACmd), (16 bytes).
    Removing stm32f10x_usart.o(i.USART_DeInit), (116 bytes).
    Removing stm32f10x_usart.o(i.USART_GetITStatus), (62 bytes).
    Removing stm32f10x_usart.o(i.USART_HalfDuplexCmd), (20 bytes).
    Removing stm32f10x_usart.o(i.USART_IrDACmd), (20 bytes).
    Removing stm32f10x_usart.o(i.USART_IrDAConfig), (16 bytes).
    Removing stm32f10x_usart.o(i.USART_LINBreakDetectLengthConfig), (16 bytes).
    Removing stm32f10x_usart.o(i.USART_LINCmd), (20 bytes).
    Removing stm32f10x_usart.o(i.USART_OneBitMethodCmd), (20 bytes).
    Removing stm32f10x_usart.o(i.USART_OverSampling8Cmd), (20 bytes).
    Removing stm32f10x_usart.o(i.USART_ReceiveData), (8 bytes).
    Removing stm32f10x_usart.o(i.USART_ReceiverWakeUpCmd), (20 bytes).
    Removing stm32f10x_usart.o(i.USART_SendBreak), (10 bytes).
    Removing stm32f10x_usart.o(i.USART_SetAddress), (16 bytes).
    Removing stm32f10x_usart.o(i.USART_SetGuardTime), (16 bytes).
    Removing stm32f10x_usart.o(i.USART_SetPrescaler), (16 bytes).
    Removing stm32f10x_usart.o(i.USART_SmartCardCmd), (20 bytes).
    Removing stm32f10x_usart.o(i.USART_SmartCardNACKCmd), (20 bytes).
    Removing stm32f10x_usart.o(i.USART_StructInit), (22 bytes).
    Removing stm32f10x_usart.o(i.USART_WakeUpConfig), (16 bytes).
    Removing startup_stm32f10x_hd.o(HEAP), (512 bytes).
    Removing core_cm3.o(.emb_text), (32 bytes).
    Removing system_stm32f10x.o(i.SystemCoreClockUpdate), (100 bytes).
    Removing system_stm32f10x.o(.data), (20 bytes).

103 unused section(s) (total 3421 bytes) removed from the image.

==============================================================================

Image Symbol Table

    Local Symbols

    Symbol Name                              Value     Ov Type        Size  Object(Section)

    ../../microlib/init/entry.s              0x00000000   Number         0  entry7.o ABSOLUTE
    ../../microlib/init/entry.s              0x00000000   Number         0  entry5.o ABSOLUTE
    ../../microlib/init/entry.s              0x00000000   Number         0  entry2.o ABSOLUTE
    ../../microlib/init/entry.s              0x00000000   Number         0  entry.o ABSOLUTE
    CM3\\core_cm3.c                          0x00000000   Number         0  core_cm3.o ABSOLUTE
    CM3\core_cm3.c                           0x00000000   Number         0  core_cm3.o ABSOLUTE
    CM3\system_stm32f10x.c                   0x00000000   Number         0  system_stm32f10x.o ABSOLUTE
    FWlib\SRC\misc.c                         0x00000000   Number         0  misc.o ABSOLUTE
    FWlib\SRC\stm32f10x_gpio.c               0x00000000   Number         0  stm32f10x_gpio.o ABSOLUTE
    FWlib\SRC\stm32f10x_rcc.c                0x00000000   Number         0  stm32f10x_rcc.o ABSOLUTE
    FWlib\SRC\stm32f10x_spi.c                0x00000000   Number         0  stm32f10x_spi.o ABSOLUTE
    FWlib\SRC\stm32f10x_usart.c              0x00000000   Number         0  stm32f10x_usart.o ABSOLUTE
    dc.s                                     0x00000000   Number         0  dc.o ABSOLUTE
    handlers.s                               0x00000000   Number         0  handlers.o ABSOLUTE
    init.s                                   0x00000000   Number         0  init.o ABSOLUTE
    startup\startup_stm32f10x_hd.s           0x00000000   Number         0  startup_stm32f10x_hd.o ABSOLUTE
    user\SPI_Flash.c                         0x00000000   Number         0  spi_flash.o ABSOLUTE
    user\main.c                              0x00000000   Number         0  main.o ABSOLUTE
    user\stm32f10x_it.c                      0x00000000   Number         0  stm32f10x_it.o ABSOLUTE
    RESET                                    0x08000000   Section      304  startup_stm32f10x_hd.o(RESET)
    .ARM.Collect$$$$00000000                 0x08000130   Section        0  entry.o(.ARM.Collect$$$$00000000)
    .ARM.Collect$$$$00000001                 0x08000130   Section        4  entry2.o(.ARM.Collect$$$$00000001)
    .ARM.Collect$$$$00000004                 0x08000134   Section        4  entry5.o(.ARM.Collect$$$$00000004)
    .ARM.Collect$$$$00000007                 0x08000138   Section        8  entry7.o(.ARM.Collect$$$$00000007)
    .ARM.Collect$$$$00002712                 0x08000140   Section        4  entry2.o(.ARM.Collect$$$$00002712)
    __lit__00000000                          0x08000140   Data           4  entry2.o(.ARM.Collect$$$$00002712)
    .text                                    0x08000144   Section       36  startup_stm32f10x_hd.o(.text)
    .text                                    0x08000168   Section       36  init.o(.text)
    i.BusFault_Handler                       0x0800018c   Section        2  stm32f10x_it.o(i.BusFault_Handler)
    i.DebugMon_Handler                       0x0800018e   Section        2  stm32f10x_it.o(i.DebugMon_Handler)
    i.GPIO_Configuration                     0x08000190   Section       44  main.o(i.GPIO_Configuration)
    i.GPIO_Init                              0x080001bc   Section      158  stm32f10x_gpio.o(i.GPIO_Init)
    i.GPIO_ResetBits                         0x0800025a   Section        4  stm32f10x_gpio.o(i.GPIO_ResetBits)
    i.GPIO_SetBits                           0x0800025e   Section        4  stm32f10x_gpio.o(i.GPIO_SetBits)
    i.HardFault_Handler                      0x08000262   Section        2  stm32f10x_it.o(i.HardFault_Handler)
    i.MemManage_Handler                      0x08000264   Section        2  stm32f10x_it.o(i.MemManage_Handler)
    i.NMI_Handler                            0x08000266   Section        2  stm32f10x_it.o(i.NMI_Handler)
    i.NVIC_Configuration                     0x08000268   Section       36  main.o(i.NVIC_Configuration)
    i.NVIC_Init                              0x0800028c   Section       92  misc.o(i.NVIC_Init)
    i.NVIC_PriorityGroupConfig               0x080002e8   Section       20  misc.o(i.NVIC_PriorityGroupConfig)
    i.PendSV_Handler                         0x080002fc   Section        2  stm32f10x_it.o(i.PendSV_Handler)
    i.RCC_APB2PeriphClockCmd                 0x08000300   Section       24  stm32f10x_rcc.o(i.RCC_APB2PeriphClockCmd)
    i.RCC_Configuration                      0x08000318   Section       18  main.o(i.RCC_Configuration)
    i.RCC_GetClocksFreq                      0x0800032c   Section      148  stm32f10x_rcc.o(i.RCC_GetClocksFreq)
    i.SPI_Cmd                                0x080003c0   Section       20  stm32f10x_spi.o(i.SPI_Cmd)
    i.SPI_Flash_Init                         0x080003d4   Section      164  spi_flash.o(i.SPI_Flash_Init)
    i.SPI_Flash_ReadByte                     0x08000478   Section        6  spi_flash.o(i.SPI_Flash_ReadByte)
    i.SPI_Flash_SendByte                     0x08000480   Section       52  spi_flash.o(i.SPI_Flash_SendByte)
    i.SPI_I2S_GetFlagStatus                  0x080004b4   Section       14  stm32f10x_spi.o(i.SPI_I2S_GetFlagStatus)
    i.SPI_I2S_ReceiveData                    0x080004c2   Section        4  stm32f10x_spi.o(i.SPI_I2S_ReceiveData)
    i.SPI_I2S_SendData                       0x080004c6   Section        4  stm32f10x_spi.o(i.SPI_I2S_SendData)
    i.SPI_Init                               0x080004ca   Section       56  stm32f10x_spi.o(i.SPI_Init)
    i.SST25_R_BLOCK                          0x08000504   Section       84  spi_flash.o(i.SST25_R_BLOCK)
    i.SST25_W_BLOCK                          0x08000558   Section      164  spi_flash.o(i.SST25_W_BLOCK)
    i.SVC_Handler                            0x080005fc   Section        2  stm32f10x_it.o(i.SVC_Handler)
    i.Serial_Init                            0x08000600   Section      148  main.o(i.Serial_Init)
    i.SetSysClockTo72                        0x08000694   Section      144  system_stm32f10x.o(i.SetSysClockTo72)
    SetSysClockTo72                          0x08000695   Thumb Code   136  system_stm32f10x.o(i.SetSysClockTo72)
    i.SysTick_Handler                        0x08000724   Section        2  stm32f10x_it.o(i.SysTick_Handler)
    i.SystemInit                             0x08000728   Section       64  system_stm32f10x.o(i.SystemInit)
    i.USART1_IRQHandler                      0x08000768   Section        2  stm32f10x_it.o(i.USART1_IRQHandler)
    i.USART2_IRQHandler                      0x0800076a   Section        2  stm32f10x_it.o(i.USART2_IRQHandler)
    i.USART_Cmd                              0x0800076c   Section       20  stm32f10x_usart.o(i.USART_Cmd)
    i.USART_GetFlagStatus                    0x08000780   Section       14  stm32f10x_usart.o(i.USART_GetFlagStatus)
    i.USART_ITConfig                         0x0800078e   Section       48  stm32f10x_usart.o(i.USART_ITConfig)
    i.USART_Init                             0x080007c0   Section      180  stm32f10x_usart.o(i.USART_Init)
    i.USART_OUT                              0x08000874   Section       46  main.o(i.USART_OUT)
    i.USART_SendData                         0x080008a2   Section        8  stm32f10x_usart.o(i.USART_SendData)
    i.UsageFault_Handler                     0x080008aa   Section        2  stm32f10x_it.o(i.UsageFault_Handler)
    i.__scatterload_copy                     0x080008ac   Section       14  handlers.o(i.__scatterload_copy)
    i.__scatterload_null                     0x080008ba   Section        2  handlers.o(i.__scatterload_null)
    i.__scatterload_zeroinit                 0x080008bc   Section       14  handlers.o(i.__scatterload_zeroinit)
    i.main                                   0x080008cc   Section      136  main.o(i.main)
    i.rdsr                                   0x08000954   Section       40  spi_flash.o(i.rdsr)
    i.sect_clr                               0x0800097c   Section       72  spi_flash.o(i.sect_clr)
    i.wdis                                   0x080009c4   Section       40  spi_flash.o(i.wdis)
    i.wen                                    0x080009ec   Section       36  spi_flash.o(i.wen)
    i.wip                                    0x08000a10   Section       18  spi_flash.o(i.wip)
    i.wsr                                    0x08000a24   Section       68  spi_flash.o(i.wsr)
    .data                                    0x20000000   Section       93  main.o(.data)
    .data                                    0x2000005d   Section       20  stm32f10x_rcc.o(.data)
    ADCPrescTable                            0x2000005d   Data           4  stm32f10x_rcc.o(.data)
    APBAHBPrescTable                         0x20000061   Data          16  stm32f10x_rcc.o(.data)
    .bss                                     0x20000074   Section     4096  spi_flash.o(.bss)
    STACK                                    0x20001078   Section     1024  startup_stm32f10x_hd.o(STACK)

    Global Symbols

    Symbol Name                              Value     Ov Type        Size  Object(Section)

    BuildAttributes$$THM_ISAv4$P$D$K$B$S$PE$A:L22UL41UL21$X:L11$S22US41US21$IEEE1$IW$USESV6$~STKCKD$USESV7$~SHL$OSPACE$EBA8$MICROLIB$REQ8$PRES8$EABIv2 0x00000000   Number         0  anon$$obj.o ABSOLUTE
    __ARM_use_no_argv                        0x00000000   Number         0  main.o ABSOLUTE
    __decompress                              - Undefined Weak Reference
    __Vectors_Size                           0x00000130   Number         0  startup_stm32f10x_hd.o ABSOLUTE
    __Vectors                                0x08000000   Data           4  startup_stm32f10x_hd.o(RESET)
    __Vectors_End                            0x08000130   Data           0  startup_stm32f10x_hd.o(RESET)
    __main                                   0x08000131   Thumb Code     0  entry.o(.ARM.Collect$$$$00000000)
    _main_stk                                0x08000131   Thumb Code     0  entry2.o(.ARM.Collect$$$$00000001)
    _main_scatterload                        0x08000135   Thumb Code     0  entry5.o(.ARM.Collect$$$$00000004)
    __main_after_scatterload                 0x08000139   Thumb Code     0  entry5.o(.ARM.Collect$$$$00000004)
    _main_init                               0x08000139   Thumb Code     0  entry7.o(.ARM.Collect$$$$00000007)
    Reset_Handler                            0x08000145   Thumb Code     8  startup_stm32f10x_hd.o(.text)
    ADC1_2_IRQHandler                        0x0800015f   Thumb Code     0  startup_stm32f10x_hd.o(.text)
    ADC3_IRQHandler                          0x0800015f   Thumb Code     0  startup_stm32f10x_hd.o(.text)
    CAN1_RX1_IRQHandler                      0x0800015f   Thumb Code     0  startup_stm32f10x_hd.o(.text)
    CAN1_SCE_IRQHandler                      0x0800015f   Thumb Code     0  startup_stm32f10x_hd.o(.text)
    DMA1_Channel1_IRQHandler                 0x0800015f   Thumb Code     0  startup_stm32f10x_hd.o(.text)
    DMA1_Channel2_IRQHandler                 0x0800015f   Thumb Code     0  startup_stm32f10x_hd.o(.text)
    DMA1_Channel3_IRQHandler                 0x0800015f   Thumb Code     0  startup_stm32f10x_hd.o(.text)
    DMA1_Channel4_IRQHandler                 0x0800015f   Thumb Code     0  startup_stm32f10x_hd.o(.text)
    DMA1_Channel5_IRQHandler                 0x0800015f   Thumb Code     0  startup_stm32f10x_hd.o(.text)
    DMA1_Channel6_IRQHandler                 0x0800015f   Thumb Code     0  startup_stm32f10x_hd.o(.text)
    DMA1_Channel7_IRQHandler                 0x0800015f   Thumb Code     0  startup_stm32f10x_hd.o(.text)
    DMA2_Channel1_IRQHandler                 0x0800015f   Thumb Code     0  startup_stm32f10x_hd.o(.text)
    DMA2_Channel2_IRQHandler                 0x0800015f   Thumb Code     0  startup_stm32f10x_hd.o(.text)
    DMA2_Channel3_IRQHandler                 0x0800015f   Thumb Code     0  startup_stm32f10x_hd.o(.text)
    DMA2_Channel4_5_IRQHandler               0x0800015f   Thumb Code     0  startup_stm32f10x_hd.o(.text)
    EXTI0_IRQHandler                         0x0800015f   Thumb Code     0  startup_stm32f10x_hd.o(.text)
    EXTI15_10_IRQHandler                     0x0800015f   Thumb Code     0  startup_stm32f10x_hd.o(.text)
    EXTI1_IRQHandler                         0x0800015f   Thumb Code     0  startup_stm32f10x_hd.o(.text)
    EXTI2_IRQHandler                         0x0800015f   Thumb Code     0  startup_stm32f10x_hd.o(.text)
    EXTI3_IRQHandler                         0x0800015f   Thumb Code     0  startup_stm32f10x_hd.o(.text)
    EXTI4_IRQHandler                         0x0800015f   Thumb Code     0  startup_stm32f10x_hd.o(.text)
    EXTI9_5_IRQHandler                       0x0800015f   Thumb Code     0  startup_stm32f10x_hd.o(.text)
    FLASH_IRQHandler                         0x0800015f   Thumb Code     0  startup_stm32f10x_hd.o(.text)
    FSMC_IRQHandler                          0x0800015f   Thumb Code     0  startup_stm32f10x_hd.o(.text)
    I2C1_ER_IRQHandler                       0x0800015f   Thumb Code     0  startup_stm32f10x_hd.o(.text)
    I2C1_EV_IRQHandler                       0x0800015f   Thumb Code     0  startup_stm32f10x_hd.o(.text)
    I2C2_ER_IRQHandler                       0x0800015f   Thumb Code     0  startup_stm32f10x_hd.o(.text)
    I2C2_EV_IRQHandler                       0x0800015f   Thumb Code     0  startup_stm32f10x_hd.o(.text)
    PVD_IRQHandler                           0x0800015f   Thumb Code     0  startup_stm32f10x_hd.o(.text)
    RCC_IRQHandler                           0x0800015f   Thumb Code     0  startup_stm32f10x_hd.o(.text)
    RTCAlarm_IRQHandler                      0x0800015f   Thumb Code     0  startup_stm32f10x_hd.o(.text)
    RTC_IRQHandler                           0x0800015f   Thumb Code     0  startup_stm32f10x_hd.o(.text)
    SDIO_IRQHandler                          0x0800015f   Thumb Code     0  startup_stm32f10x_hd.o(.text)
    SPI1_IRQHandler                          0x0800015f   Thumb Code     0  startup_stm32f10x_hd.o(.text)
    SPI2_IRQHandler                          0x0800015f   Thumb Code     0  startup_stm32f10x_hd.o(.text)
    SPI3_IRQHandler                          0x0800015f   Thumb Code     0  startup_stm32f10x_hd.o(.text)
    TAMPER_IRQHandler                        0x0800015f   Thumb Code     0  startup_stm32f10x_hd.o(.text)
    TIM1_BRK_IRQHandler                      0x0800015f   Thumb Code     0  startup_stm32f10x_hd.o(.text)
    TIM1_CC_IRQHandler                       0x0800015f   Thumb Code     0  startup_stm32f10x_hd.o(.text)
    TIM1_TRG_COM_IRQHandler                  0x0800015f   Thumb Code     0  startup_stm32f10x_hd.o(.text)
    TIM1_UP_IRQHandler                       0x0800015f   Thumb Code     0  startup_stm32f10x_hd.o(.text)
    TIM2_IRQHandler                          0x0800015f   Thumb Code     0  startup_stm32f10x_hd.o(.text)
    TIM3_IRQHandler                          0x0800015f   Thumb Code     0  startup_stm32f10x_hd.o(.text)
    TIM4_IRQHandler                          0x0800015f   Thumb Code     0  startup_stm32f10x_hd.o(.text)
    TIM5_IRQHandler                          0x0800015f   Thumb Code     0  startup_stm32f10x_hd.o(.text)
    TIM6_IRQHandler                          0x0800015f   Thumb Code     0  startup_stm32f10x_hd.o(.text)
    TIM7_IRQHandler                          0x0800015f   Thumb Code     0  startup_stm32f10x_hd.o(.text)
    TIM8_BRK_IRQHandler                      0x0800015f   Thumb Code     0  startup_stm32f10x_hd.o(.text)
    TIM8_CC_IRQHandler                       0x0800015f   Thumb Code     0  startup_stm32f10x_hd.o(.text)
    TIM8_TRG_COM_IRQHandler                  0x0800015f   Thumb Code     0  startup_stm32f10x_hd.o(.text)
    TIM8_UP_IRQHandler                       0x0800015f   Thumb Code     0  startup_stm32f10x_hd.o(.text)
    UART4_IRQHandler                         0x0800015f   Thumb Code     0  startup_stm32f10x_hd.o(.text)
    UART5_IRQHandler                         0x0800015f   Thumb Code     0  startup_stm32f10x_hd.o(.text)
    USART3_IRQHandler                        0x0800015f   Thumb Code     0  startup_stm32f10x_hd.o(.text)
    USBWakeUp_IRQHandler                     0x0800015f   Thumb Code     0  startup_stm32f10x_hd.o(.text)
    USB_HP_CAN1_TX_IRQHandler                0x0800015f   Thumb Code     0  startup_stm32f10x_hd.o(.text)
    USB_LP_CAN1_RX0_IRQHandler               0x0800015f   Thumb Code     0  startup_stm32f10x_hd.o(.text)
    WWDG_IRQHandler                          0x0800015f   Thumb Code     0  startup_stm32f10x_hd.o(.text)
    __scatterload                            0x08000169   Thumb Code    28  init.o(.text)
    __scatterload_rt2                        0x08000169   Thumb Code     0  init.o(.text)
    BusFault_Handler                         0x0800018d   Thumb Code     2  stm32f10x_it.o(i.BusFault_Handler)
    DebugMon_Handler                         0x0800018f   Thumb Code     2  stm32f10x_it.o(i.DebugMon_Handler)
    GPIO_Configuration                       0x08000191   Thumb Code    36  main.o(i.GPIO_Configuration)
    GPIO_Init                                0x080001bd   Thumb Code   158  stm32f10x_gpio.o(i.GPIO_Init)
    GPIO_ResetBits                           0x0800025b   Thumb Code     4  stm32f10x_gpio.o(i.GPIO_ResetBits)
    GPIO_SetBits                             0x0800025f   Thumb Code     4  stm32f10x_gpio.o(i.GPIO_SetBits)
    HardFault_Handler                        0x08000263   Thumb Code     2  stm32f10x_it.o(i.HardFault_Handler)
    MemManage_Handler                        0x08000265   Thumb Code     2  stm32f10x_it.o(i.MemManage_Handler)
    NMI_Handler                              0x08000267   Thumb Code     2  stm32f10x_it.o(i.NMI_Handler)
    NVIC_Configuration                       0x08000269   Thumb Code    36  main.o(i.NVIC_Configuration)
    NVIC_Init                                0x0800028d   Thumb Code    92  misc.o(i.NVIC_Init)
    NVIC_PriorityGroupConfig                 0x080002e9   Thumb Code    10  misc.o(i.NVIC_PriorityGroupConfig)
    PendSV_Handler                           0x080002fd   Thumb Code     2  stm32f10x_it.o(i.PendSV_Handler)
    RCC_APB2PeriphClockCmd                   0x08000301   Thumb Code    18  stm32f10x_rcc.o(i.RCC_APB2PeriphClockCmd)
    RCC_Configuration                        0x08000319   Thumb Code    18  main.o(i.RCC_Configuration)
    RCC_GetClocksFreq                        0x0800032d   Thumb Code   132  stm32f10x_rcc.o(i.RCC_GetClocksFreq)
    SPI_Cmd                                  0x080003c1   Thumb Code    20  stm32f10x_spi.o(i.SPI_Cmd)
    SPI_Flash_Init                           0x080003d5   Thumb Code   150  spi_flash.o(i.SPI_Flash_Init)
    SPI_Flash_ReadByte                       0x08000479   Thumb Code     6  spi_flash.o(i.SPI_Flash_ReadByte)
    SPI_Flash_SendByte                       0x08000481   Thumb Code    48  spi_flash.o(i.SPI_Flash_SendByte)
    SPI_I2S_GetFlagStatus                    0x080004b5   Thumb Code    14  stm32f10x_spi.o(i.SPI_I2S_GetFlagStatus)
    SPI_I2S_ReceiveData                      0x080004c3   Thumb Code     4  stm32f10x_spi.o(i.SPI_I2S_ReceiveData)
    SPI_I2S_SendData                         0x080004c7   Thumb Code     4  stm32f10x_spi.o(i.SPI_I2S_SendData)
    SPI_Init                                 0x080004cb   Thumb Code    56  stm32f10x_spi.o(i.SPI_Init)
    SST25_R_BLOCK                            0x08000505   Thumb Code    80  spi_flash.o(i.SST25_R_BLOCK)
    SST25_W_BLOCK                            0x08000559   Thumb Code   158  spi_flash.o(i.SST25_W_BLOCK)
    SVC_Handler                              0x080005fd   Thumb Code     2  stm32f10x_it.o(i.SVC_Handler)
    Serial_Init                              0x08000601   Thumb Code   140  main.o(i.Serial_Init)
    SysTick_Handler                          0x08000725   Thumb Code     2  stm32f10x_it.o(i.SysTick_Handler)
    SystemInit                               0x08000729   Thumb Code    52  system_stm32f10x.o(i.SystemInit)
    USART1_IRQHandler                        0x08000769   Thumb Code     2  stm32f10x_it.o(i.USART1_IRQHandler)
    USART2_IRQHandler                        0x0800076b   Thumb Code     2  stm32f10x_it.o(i.USART2_IRQHandler)
    USART_Cmd                                0x0800076d   Thumb Code    20  stm32f10x_usart.o(i.USART_Cmd)
    USART_GetFlagStatus                      0x08000781   Thumb Code    14  stm32f10x_usart.o(i.USART_GetFlagStatus)
    USART_ITConfig                           0x0800078f   Thumb Code    48  stm32f10x_usart.o(i.USART_ITConfig)
    USART_Init                               0x080007c1   Thumb Code   174  stm32f10x_usart.o(i.USART_Init)
    USART_OUT                                0x08000875   Thumb Code    46  main.o(i.USART_OUT)
    USART_SendData                           0x080008a3   Thumb Code     8  stm32f10x_usart.o(i.USART_SendData)
    UsageFault_Handler                       0x080008ab   Thumb Code     2  stm32f10x_it.o(i.UsageFault_Handler)
    __scatterload_copy                       0x080008ad   Thumb Code    14  handlers.o(i.__scatterload_copy)
    __scatterload_null                       0x080008bb   Thumb Code     2  handlers.o(i.__scatterload_null)
    __scatterload_zeroinit                   0x080008bd   Thumb Code    14  handlers.o(i.__scatterload_zeroinit)
    main                                     0x080008cd   Thumb Code   120  main.o(i.main)
    rdsr                                     0x08000955   Thumb Code    36  spi_flash.o(i.rdsr)
    sect_clr                                 0x0800097d   Thumb Code    66  spi_flash.o(i.sect_clr)
    wdis                                     0x080009c5   Thumb Code    34  spi_flash.o(i.wdis)
    wen                                      0x080009ed   Thumb Code    30  spi_flash.o(i.wen)
    wip                                      0x08000a11   Thumb Code    18  spi_flash.o(i.wip)
    wsr                                      0x08000a25   Thumb Code    62  spi_flash.o(i.wsr)
    Region$$Table$$Base                      0x08000a68   Number         0  anon$$obj.o(Region$$Table)
    Region$$Table$$Limit                     0x08000a88   Number         0  anon$$obj.o(Region$$Table)
    GPIO_InitStructure                       0x20000000   Data           4  main.o(.data)
    TxBuffer1                                0x20000004   Data          89  main.o(.data)
    SST25_buffer                             0x20000074   Data        4096  spi_flash.o(.bss)
    __initial_sp                             0x20001478   Data           0  startup_stm32f10x_hd.o(STACK)



==============================================================================

Memory Map of the image

  Image Entry point : 0x08000131

  Load Region LR_IROM1 (Base: 0x08000000, Size: 0x00000afc, Max: 0x00080000, ABSOLUTE)

    Execution Region ER_IROM1 (Base: 0x08000000, Size: 0x00000a88, Max: 0x00080000, ABSOLUTE)

    Base Addr    Size         Type   Attr      Idx    E Section Name        Object

    0x08000000   0x00000130   Data   RO          942    RESET               startup_stm32f10x_hd.o
    0x08000130   0x00000000   Code   RO          994  * .ARM.Collect$$$$00000000  entry.o(mc_w.l)
    0x08000130   0x00000004   Code   RO          997    .ARM.Collect$$$$00000001  entry2.o(mc_w.l)
    0x08000134   0x00000004   Code   RO         1000    .ARM.Collect$$$$00000004  entry5.o(mc_w.l)
    0x08000138   0x00000008   Code   RO         1001    .ARM.Collect$$$$00000007  entry7.o(mc_w.l)
    0x08000140   0x00000004   Code   RO          998    .ARM.Collect$$$$00002712  entry2.o(mc_w.l)
    0x08000144   0x00000024   Code   RO          943    .text               startup_stm32f10x_hd.o
    0x08000168   0x00000024   Code   RO         1002    .text               init.o(mc_w.l)
    0x0800018c   0x00000002   Code   RO            1    i.BusFault_Handler  stm32f10x_it.o
    0x0800018e   0x00000002   Code   RO            2    i.DebugMon_Handler  stm32f10x_it.o
    0x08000190   0x0000002c   Code   RO          214    i.GPIO_Configuration  main.o
    0x080001bc   0x0000009e   Code   RO          308    i.GPIO_Init         stm32f10x_gpio.o
    0x0800025a   0x00000004   Code   RO          315    i.GPIO_ResetBits    stm32f10x_gpio.o
    0x0800025e   0x00000004   Code   RO          316    i.GPIO_SetBits      stm32f10x_gpio.o
    0x08000262   0x00000002   Code   RO            3    i.HardFault_Handler  stm32f10x_it.o
    0x08000264   0x00000002   Code   RO            4    i.MemManage_Handler  stm32f10x_it.o
    0x08000266   0x00000002   Code   RO            5    i.NMI_Handler       stm32f10x_it.o
    0x08000268   0x00000024   Code   RO          215    i.NVIC_Configuration  main.o
    0x0800028c   0x0000005c   Code   RO          266    i.NVIC_Init         misc.o
    0x080002e8   0x00000014   Code   RO          267    i.NVIC_PriorityGroupConfig  misc.o
    0x080002fc   0x00000002   Code   RO            6    i.PendSV_Handler    stm32f10x_it.o
    0x080002fe   0x00000002   PAD
    0x08000300   0x00000018   Code   RO          420    i.RCC_APB2PeriphClockCmd  stm32f10x_rcc.o
    0x08000318   0x00000012   Code   RO          216    i.RCC_Configuration  main.o
    0x0800032a   0x00000002   PAD
    0x0800032c   0x00000094   Code   RO          428    i.RCC_GetClocksFreq  stm32f10x_rcc.o
    0x080003c0   0x00000014   Code   RO          621    i.SPI_Cmd           stm32f10x_spi.o
    0x080003d4   0x000000a4   Code   RO          106    i.SPI_Flash_Init    spi_flash.o
    0x08000478   0x00000006   Code   RO          107    i.SPI_Flash_ReadByte  spi_flash.o
    0x0800047e   0x00000002   PAD
    0x08000480   0x00000034   Code   RO          108    i.SPI_Flash_SendByte  spi_flash.o
    0x080004b4   0x0000000e   Code   RO          629    i.SPI_I2S_GetFlagStatus  stm32f10x_spi.o
    0x080004c2   0x00000004   Code   RO          632    i.SPI_I2S_ReceiveData  stm32f10x_spi.o
    0x080004c6   0x00000004   Code   RO          633    i.SPI_I2S_SendData  stm32f10x_spi.o
    0x080004ca   0x00000038   Code   RO          634    i.SPI_Init          stm32f10x_spi.o
    0x08000502   0x00000002   PAD
    0x08000504   0x00000054   Code   RO          109    i.SST25_R_BLOCK     spi_flash.o
    0x08000558   0x000000a4   Code   RO          110    i.SST25_W_BLOCK     spi_flash.o
    0x080005fc   0x00000002   Code   RO            7    i.SVC_Handler       stm32f10x_it.o
    0x080005fe   0x00000002   PAD
    0x08000600   0x00000094   Code   RO          217    i.Serial_Init       main.o
    0x08000694   0x00000090   Code   RO          958    i.SetSysClockTo72   system_stm32f10x.o
    0x08000724   0x00000002   Code   RO            8    i.SysTick_Handler   stm32f10x_it.o
    0x08000726   0x00000002   PAD
    0x08000728   0x00000040   Code   RO          960    i.SystemInit        system_stm32f10x.o
    0x08000768   0x00000002   Code   RO            9    i.USART1_IRQHandler  stm32f10x_it.o
    0x0800076a   0x00000002   Code   RO           10    i.USART2_IRQHandler  stm32f10x_it.o
    0x0800076c   0x00000014   Code   RO          764    i.USART_Cmd         stm32f10x_usart.o
    0x08000780   0x0000000e   Code   RO          767    i.USART_GetFlagStatus  stm32f10x_usart.o
    0x0800078e   0x00000030   Code   RO          770    i.USART_ITConfig    stm32f10x_usart.o
    0x080007be   0x00000002   PAD
    0x080007c0   0x000000b4   Code   RO          771    i.USART_Init        stm32f10x_usart.o
    0x08000874   0x0000002e   Code   RO          218    i.USART_OUT         main.o
    0x080008a2   0x00000008   Code   RO          781    i.USART_SendData    stm32f10x_usart.o
    0x080008aa   0x00000002   Code   RO           11    i.UsageFault_Handler  stm32f10x_it.o
    0x080008ac   0x0000000e   Code   RO         1006    i.__scatterload_copy  handlers.o(mc_w.l)
    0x080008ba   0x00000002   Code   RO         1007    i.__scatterload_null  handlers.o(mc_w.l)
    0x080008bc   0x0000000e   Code   RO         1008    i.__scatterload_zeroinit  handlers.o(mc_w.l)
    0x080008ca   0x00000002   PAD
    0x080008cc   0x00000088   Code   RO          219    i.main              main.o
    0x08000954   0x00000028   Code   RO          114    i.rdsr              spi_flash.o
    0x0800097c   0x00000048   Code   RO          115    i.sect_clr          spi_flash.o
    0x080009c4   0x00000028   Code   RO          117    i.wdis              spi_flash.o
    0x080009ec   0x00000024   Code   RO          118    i.wen               spi_flash.o
    0x08000a10   0x00000012   Code   RO          119    i.wip               spi_flash.o
    0x08000a22   0x00000002   PAD
    0x08000a24   0x00000044   Code   RO          120    i.wsr               spi_flash.o
    0x08000a68   0x00000020   Data   RO         1004    Region$$Table       anon$$obj.o


    Execution Region RW_IRAM1 (Base: 0x20000000, Size: 0x00001478, Max: 0x00010000, ABSOLUTE)

    Base Addr    Size         Type   Attr      Idx    E Section Name        Object

    0x20000000   0x0000005d   Data   RW          220    .data               main.o
    0x2000005d   0x00000014   Data   RW          448    .data               stm32f10x_rcc.o
    0x20000071   0x00000003   PAD
    0x20000074   0x00001000   Zero   RW          121    .bss                spi_flash.o
    0x20001074   0x00000004   PAD
    0x20001078   0x00000400   Zero   RW          940    STACK               startup_stm32f10x_hd.o


==============================================================================

Image component sizes


      Code (inc. data)   RO Data    RW Data    ZI Data      Debug   Object Name

       428         32          0         93          0       5789   main.o
       112         10          0          0          0       1427   misc.o
       744         56          0          0       4096      13539   spi_flash.o
        36          8        304          0       1024        508   startup_stm32f10x_hd.o
       166          0          0          0          0       2884   stm32f10x_gpio.o
        22          0          0          0          0     234242   stm32f10x_it.o
       172         22          0         20          0       3773   stm32f10x_rcc.o
        98          0          0          0          0       3610   stm32f10x_spi.o
       270          6          0          0          0       4705   stm32f10x_usart.o
       208         20          0          0          0       1385   system_stm32f10x.o

    ----------------------------------------------------------------------
      2272        154        336        116       5124     271862   Object Totals
         0          0         32          0          0          0   (incl. Generated)
        16          0          0          3          4          2   (incl. Padding)

    ----------------------------------------------------------------------

      Code (inc. data)   RO Data    RW Data    ZI Data      Debug   Library Member Name

         0          0          0          0          0          0   entry.o
         8          4          0          0          0          0   entry2.o
         4          0          0          0          0          0   entry5.o
         8          4          0          0          0          0   entry7.o
        30          0          0          0          0          0   handlers.o
        36          8          0          0          0         68   init.o

    ----------------------------------------------------------------------
        88         16          0          0          0         68   Library Totals
         2          0          0          0          0          0   (incl. Padding)

    ----------------------------------------------------------------------

      Code (inc. data)   RO Data    RW Data    ZI Data      Debug   Library Name

        86         16          0          0          0         68   mc_w.l

    ----------------------------------------------------------------------
        88         16          0          0          0         68   Library Totals

    ----------------------------------------------------------------------

==============================================================================


      Code (inc. data)   RO Data    RW Data    ZI Data      Debug   

      2360        170        336        116       5124     269832   Grand Totals
      2360        170        336        116       5124     269832   ELF Image Totals
      2360        170        336        116          0          0   ROM Totals

==============================================================================

    Total RO  Size (Code + RO Data)                 2696 (   2.63kB)
    Total RW  Size (RW Data + ZI Data)              5240 (   5.12kB)
    Total ROM Size (Code + RO Data + RW Data)       2812 (   2.75kB)

==============================================================================

